#
# There is insufficient memory for the Java Runtime Environment to continue.
# Native memory allocation (mmap) failed to map 171966464 bytes for G1 virtual space
# Possible reasons:
#   The system is out of physical RAM or swap space
#   The process is running with CompressedOops enabled, and the Java Heap may be blocking the growth of the native heap
# Possible solutions:
#   Reduce memory load on the system
#   Increase physical memory or swap space
#   Check if swap backing store is full
#   Decrease Java heap size (-Xmx/-Xms)
#   Decrease number of Java threads
#   Decrease Java thread stack sizes (-Xss)
#   Set larger code cache with -XX:ReservedCodeCacheSize=
#   JVM is running with Zero Based Compressed Oops mode in which the Java heap is
#     placed in the first 32GB address space. The Java Heap base address is the
#     maximum limit for the native heap growth. Please use -XX:HeapBaseMinAddress
#     to set the Java Heap base and to place the Java Heap above 32GB virtual address.
# This output file may be truncated or incomplete.
#
#  Out of Memory Error (os_windows.cpp:3548), pid=37368, tid=12912
#
# JRE version: Java(TM) SE Runtime Environment (17.0.12+8) (build 17.0.12+8-LTS-286)
# Java VM: Java HotSpot(TM) 64-Bit Server VM (17.0.12+8-LTS-286, mixed mode, sharing, tiered, compressed oops, compressed class ptrs, g1 gc, windows-amd64)
# No core dump will be written. Minidumps are not enabled by default on client versions of Windows
#

---------------  S U M M A R Y ------------

Command Line: --add-opens=java.base/java.util=ALL-UNNAMED --add-opens=java.base/java.lang=ALL-UNNAMED --add-opens=java.base/java.lang.invoke=ALL-UNNAMED --add-opens=java.prefs/java.util.prefs=ALL-UNNAMED --add-opens=java.base/java.nio.charset=ALL-UNNAMED --add-opens=java.base/java.net=ALL-UNNAMED --add-opens=java.base/java.util.concurrent.atomic=ALL-UNNAMED -Xmx4g -Dfile.encoding=UTF-8 -Duser.country=IN -Duser.language=en -Duser.variant -javaagent:C:\Users\Ranjith Ramesh\.gradle\wrapper\dists\gradle-8.3-all\6en3ugtfdg5xnpx44z4qbwgas\gradle-8.3\lib\agents\gradle-instrumentation-agent-8.3.jar org.gradle.launcher.daemon.bootstrap.GradleDaemon 8.3

Host: 13th Gen Intel(R) Core(TM) i5-13420H, 12 cores, 15G,  Windows 11 , 64 bit Build 26100 (10.0.26100.4484)
Time: Sun Jul 27 18:44:09 2025 India Standard Time elapsed time: 36.630923 seconds (0d 0h 0m 36s)

---------------  T H R E A D  ---------------

Current thread (0x0000022771683880):  VMThread "VM Thread" [stack: 0x0000003c55600000,0x0000003c55700000] [id=12912]

Stack: [0x0000003c55600000,0x0000003c55700000]
Native frames: (J=compiled Java code, j=interpreted, Vv=VM code, C=native code)
V  [jvm.dll+0x67a04a]
V  [jvm.dll+0x7da4ed]
V  [jvm.dll+0x7dbe33]
V  [jvm.dll+0x7dc4a3]
V  [jvm.dll+0x24508f]
V  [jvm.dll+0x677089]
V  [jvm.dll+0x66bd32]
V  [jvm.dll+0x301fa6]
V  [jvm.dll+0x309546]
V  [jvm.dll+0x359d2e]
V  [jvm.dll+0x359f5f]
V  [jvm.dll+0x2d9078]
V  [jvm.dll+0x2d74ad]
V  [jvm.dll+0x2d6afc]
V  [jvm.dll+0x31a65b]
V  [jvm.dll+0x7e0d9b]
V  [jvm.dll+0x7e1ad4]
V  [jvm.dll+0x7e1fed]
V  [jvm.dll+0x7e23c4]
V  [jvm.dll+0x7e2490]
V  [jvm.dll+0x78abea]
V  [jvm.dll+0x678f35]
C  [ucrtbase.dll+0x37b0]
C  [KERNEL32.DLL+0x2e8d7]
C  [ntdll.dll+0x3c34c]

VM_Operation (0x0000003c570f3040): G1CollectForAllocation, mode: safepoint, requested by thread 0x0000022778a969b0


---------------  P R O C E S S  ---------------

Threads class SMR info:
_java_thread_list=0x000002277ac7fbd0, length=184, elements={
0x000002274e2c6db0, 0x0000022771688640, 0x0000022771689110, 0x000002277169b050,
0x000002277169b920, 0x000002277169c1f0, 0x000002277169cac0, 0x000002277169d6c0,
0x000002277169dfd0, 0x00000227716af640, 0x0000022771dd1130, 0x0000022771fd2420,
0x0000022778b309c0, 0x0000022777b46b40, 0x0000022777a98db0, 0x00000227784a09c0,
0x000002277882d280, 0x0000022778a95060, 0x0000022778a969b0, 0x0000022778a95a80,
0x0000022778a96ec0, 0x0000022778a95f90, 0x0000022778a98300, 0x0000022778a964a0,
0x0000022778a97df0, 0x0000022778a95570, 0x0000022778a973d0, 0x0000022778a978e0,
0x0000022777efce40, 0x0000022777efbf10, 0x0000022777efd350, 0x0000022777efc420,
0x0000022777efd860, 0x0000022777efa5c0, 0x0000022777efdd70, 0x0000022777efe790,
0x0000022777efe280, 0x0000022777efafe0, 0x0000022777efc930, 0x0000022777efeca0,
0x0000022777efb4f0, 0x0000022777eff1b0, 0x0000022777efba00, 0x0000022777eff6c0,
0x0000022777effbd0, 0x0000022777f01010, 0x0000022777f000e0, 0x0000022777f01a30,
0x0000022777f005f0, 0x0000022777f01520, 0x000002277aef86f0, 0x000002277aef9b30,
0x000002277aef6da0, 0x000002277aefaa60, 0x000002277aef9620, 0x000002277aef8c00,
0x000002277aef72b0, 0x000002277aef81e0, 0x000002277aef9110, 0x000002277aefa040,
0x000002277aefa550, 0x000002277aefaf70, 0x000002277aefc8c0, 0x000002277aefe720,
0x000002277aefb990, 0x000002277aefdd00, 0x000002277aefd2e0, 0x000002277aefd7f0,
0x000002277aefbea0, 0x000002277aefc3b0, 0x000002277aefe210, 0x000002277bee0930,
0x000002277bedd690, 0x000002277bedf4f0, 0x000002277bedff10, 0x000002277bedfa00,
0x000002277bee0420, 0x000002277bede5c0, 0x000002277beddba0, 0x000002277bede0b0,
0x000002277bee0e40, 0x000002277bee2280, 0x000002277bee1350, 0x000002277bee1860,
0x000002277bee1d70, 0x000002277bedead0, 0x000002277bee2790, 0x000002277bedefe0,
0x000002277bee2ca0, 0x000002277bee31b0, 0x000002277bee3bd0, 0x000002277bee5010,
0x000002277bee40e0, 0x000002277bee45f0, 0x000002277bee4b00, 0x000002277b9fc9c0,
0x000002277b9fb070, 0x000002277b9fed30, 0x000002277b9fde00, 0x000002277b9fe310,
0x000002277b9fd3e0, 0x000002277b9fbfa0, 0x000002277b9fc4b0, 0x000002277b9fb580,
0x000002277b9ff240, 0x000002277b9fced0, 0x000002277b9fd8f0, 0x000002277b9fe820,
0x000002277b9fba90, 0x000002277b9ff750, 0x000002277ba00680, 0x000002277ba01ac0,
0x000002277ba015b0, 0x000002277ba01fd0, 0x000002277ab46630, 0x000002277cb33670,
0x000002277a9564b0, 0x000002277a955580, 0x000002277a954b60, 0x000002277a9573e0,
0x000002277a9578f0, 0x000002277a9569c0, 0x000002277a957e00, 0x000002277a954650,
0x000002277a956ed0, 0x000002277a958310, 0x000002277a958820, 0x000002277a958d30,
0x000002277a959240, 0x000002277a95bac0, 0x000002277a95ab90, 0x000002277a95b5b0,
0x000002277a95bfd0, 0x000002277a959750, 0x000002277a959c60, 0x000002277a95a170,
0x000002277a95a680, 0x000002277a95b0a0, 0x000002277d2439e0, 0x000002277d245330,
0x000002277d2476a0, 0x000002277d246c80, 0x000002277d245d50, 0x000002277d243ef0,
0x000002277d247bb0, 0x000002277d244400, 0x000002277d245840, 0x000002277d2480c0,
0x000002277d244910, 0x000002277d2485d0, 0x000002277d24b360, 0x000002277d249a10,
0x000002277d249f20, 0x000002277d24a430, 0x000002277d24ae50, 0x000002277d248ff0,
0x000002277d24a940, 0x000002277d249500, 0x0000022779223cb0, 0x0000022779222870,
0x00000227792250f0, 0x0000022779223290, 0x0000022779221e50, 0x0000022779222360,
0x0000022779221940, 0x0000022779226530, 0x0000022779222d80, 0x0000022779226f50,
0x00000227792246d0, 0x00000227792237a0, 0x0000022779226020, 0x0000022779227970,
0x00000227792241c0, 0x0000022779228390, 0x0000022779225600, 0x0000022779226a40,
0x0000022779224be0, 0x0000022779225b10, 0x00000227792288a0, 0x0000022779228db0,
0x00000227792292c0, 0x000002277d248ae0, 0x000002277ec33d70, 0x000002277ec31a00
}

Java Threads: ( => current thread )
  0x000002274e2c6db0 JavaThread "main" [_thread_blocked, id=19064, stack(0x0000003c55000000,0x0000003c55100000)]
  0x0000022771688640 JavaThread "Reference Handler" daemon [_thread_blocked, id=30160, stack(0x0000003c55700000,0x0000003c55800000)]
  0x0000022771689110 JavaThread "Finalizer" daemon [_thread_blocked, id=7400, stack(0x0000003c55800000,0x0000003c55900000)]
  0x000002277169b050 JavaThread "Signal Dispatcher" daemon [_thread_blocked, id=10564, stack(0x0000003c55900000,0x0000003c55a00000)]
  0x000002277169b920 JavaThread "Attach Listener" daemon [_thread_blocked, id=33300, stack(0x0000003c55a00000,0x0000003c55b00000)]
  0x000002277169c1f0 JavaThread "Service Thread" daemon [_thread_blocked, id=21256, stack(0x0000003c55b00000,0x0000003c55c00000)]
  0x000002277169cac0 JavaThread "Monitor Deflation Thread" daemon [_thread_blocked, id=36992, stack(0x0000003c55c00000,0x0000003c55d00000)]
  0x000002277169d6c0 JavaThread "C2 CompilerThread0" daemon [_thread_blocked, id=41644, stack(0x0000003c55d00000,0x0000003c55e00000)]
  0x000002277169dfd0 JavaThread "C1 CompilerThread0" daemon [_thread_blocked, id=14576, stack(0x0000003c55e00000,0x0000003c55f00000)]
  0x00000227716af640 JavaThread "Sweeper thread" daemon [_thread_blocked, id=37640, stack(0x0000003c55f00000,0x0000003c56000000)]
  0x0000022771dd1130 JavaThread "Common-Cleaner" daemon [_thread_blocked, id=34648, stack(0x0000003c56000000,0x0000003c56100000)]
  0x0000022771fd2420 JavaThread "Notification Thread" daemon [_thread_blocked, id=33016, stack(0x0000003c56200000,0x0000003c56300000)]
  0x0000022778b309c0 JavaThread "Daemon health stats" [_thread_blocked, id=28100, stack(0x0000003c56a00000,0x0000003c56b00000)]
  0x0000022777b46b40 JavaThread "Incoming local TCP Connector on port 54787" [_thread_in_native, id=22388, stack(0x0000003c56b00000,0x0000003c56c00000)]
  0x0000022777a98db0 JavaThread "Daemon periodic checks" [_thread_blocked, id=36596, stack(0x0000003c56c00000,0x0000003c56d00000)]
  0x00000227784a09c0 JavaThread "Daemon" [_thread_blocked, id=22152, stack(0x0000003c56d00000,0x0000003c56e00000)]
  0x000002277882d280 JavaThread "Handler for socket connection from /127.0.0.1:54787 to /127.0.0.1:54788" [_thread_in_native, id=42036, stack(0x0000003c56e00000,0x0000003c56f00000)]
  0x0000022778a95060 JavaThread "Cancel handler" [_thread_blocked, id=31048, stack(0x0000003c56f00000,0x0000003c57000000)]
  0x0000022778a969b0 JavaThread "Daemon worker" [_thread_blocked, id=14796, stack(0x0000003c57000000,0x0000003c57100000)]
  0x0000022778a95a80 JavaThread "Asynchronous log dispatcher for DefaultDaemonConnection: socket connection from /127.0.0.1:54787 to /127.0.0.1:54788" [_thread_blocked, id=37648, stack(0x0000003c57100000,0x0000003c57200000)]
  0x0000022778a96ec0 JavaThread "Stdin handler" [_thread_blocked, id=34708, stack(0x0000003c57200000,0x0000003c57300000)]
  0x0000022778a95f90 JavaThread "Daemon client event forwarder" [_thread_blocked, id=22512, stack(0x0000003c57300000,0x0000003c57400000)]
  0x0000022778a98300 JavaThread "Cache worker for journal cache (C:\Users\Ranjith Ramesh\.gradle\caches\journal-1)" [_thread_blocked, id=32016, stack(0x0000003c57400000,0x0000003c57500000)]
  0x0000022778a964a0 JavaThread "File lock request listener" [_thread_in_native, id=9456, stack(0x0000003c57500000,0x0000003c57600000)]
  0x0000022778a97df0 JavaThread "Cache worker for file hash cache (C:\Users\Ranjith Ramesh\.gradle\caches\8.3\fileHashes)" [_thread_blocked, id=37664, stack(0x0000003c57600000,0x0000003c57700000)]
  0x0000022778a95570 JavaThread "File watcher server" daemon [_thread_blocked, id=39168, stack(0x0000003c57700000,0x0000003c57800000)]
  0x0000022778a973d0 JavaThread "File watcher consumer" daemon [_thread_blocked, id=39788, stack(0x0000003c57800000,0x0000003c57900000)]
  0x0000022778a978e0 JavaThread "Cache worker for checksums cache (R:\Homee\Homee_User_16_06_2025\android\.gradle\8.3\checksums)" [_thread_blocked, id=17768, stack(0x0000003c57900000,0x0000003c57a00000)]
  0x0000022777efce40 JavaThread "Cache worker for file hash cache (R:\Homee\Homee_User_16_06_2025\android\.gradle\8.3\fileHashes)" [_thread_blocked, id=28112, stack(0x0000003c57a00000,0x0000003c57b00000)]
  0x0000022777efbf10 JavaThread "Cache worker for cache directory md-supplier (C:\Users\Ranjith Ramesh\.gradle\caches\8.3\md-supplier)" [_thread_blocked, id=36632, stack(0x0000003c57b00000,0x0000003c57c00000)]
  0x0000022777efd350 JavaThread "Cache worker for file content cache (C:\Users\Ranjith Ramesh\.gradle\caches\8.3\fileContent)" [_thread_blocked, id=25280, stack(0x0000003c57c00000,0x0000003c57d00000)]
  0x0000022777efc420 JavaThread "Cache worker for cache directory md-rule (C:\Users\Ranjith Ramesh\.gradle\caches\8.3\md-rule)" [_thread_blocked, id=38984, stack(0x0000003c58300000,0x0000003c58400000)]
  0x0000022777efd860 JavaThread "Cache worker for execution history cache (C:\Users\Ranjith Ramesh\.gradle\caches\8.3\executionHistory)" [_thread_blocked, id=19896, stack(0x0000003c58400000,0x0000003c58500000)]
  0x0000022777efa5c0 JavaThread "jar transforms" [_thread_blocked, id=36824, stack(0x0000003c58500000,0x0000003c58600000)]
  0x0000022777efdd70 JavaThread "jar transforms Thread 2" [_thread_blocked, id=32252, stack(0x0000003c58600000,0x0000003c58700000)]
  0x0000022777efe790 JavaThread "jar transforms Thread 3" [_thread_blocked, id=396, stack(0x0000003c58700000,0x0000003c58800000)]
  0x0000022777efe280 JavaThread "jar transforms Thread 4" [_thread_blocked, id=42504, stack(0x0000003c58800000,0x0000003c58900000)]
  0x0000022777efafe0 JavaThread "Cache worker for kotlin-dsl (C:\Users\Ranjith Ramesh\.gradle\caches\8.3\kotlin-dsl)" [_thread_blocked, id=42768, stack(0x0000003c58900000,0x0000003c58a00000)]
  0x0000022777efc930 JavaThread "jar transforms Thread 5" [_thread_blocked, id=40612, stack(0x0000003c58a00000,0x0000003c58b00000)]
  0x0000022777efeca0 JavaThread "jar transforms Thread 6" [_thread_blocked, id=16576, stack(0x0000003c58b00000,0x0000003c58c00000)]
  0x0000022777efb4f0 JavaThread "Unconstrained build operations" [_thread_blocked, id=25592, stack(0x0000003c58c00000,0x0000003c58d00000)]
  0x0000022777eff1b0 JavaThread "Unconstrained build operations Thread 2" [_thread_blocked, id=26128, stack(0x0000003c58d00000,0x0000003c58e00000)]
  0x0000022777efba00 JavaThread "jar transforms Thread 7" [_thread_blocked, id=41264, stack(0x0000003c58e00000,0x0000003c58f00000)]
  0x0000022777eff6c0 JavaThread "jar transforms Thread 8" [_thread_blocked, id=35020, stack(0x0000003c58f00000,0x0000003c59000000)]
  0x0000022777effbd0 JavaThread "jar transforms Thread 9" [_thread_blocked, id=20248, stack(0x0000003c59000000,0x0000003c59100000)]
  0x0000022777f01010 JavaThread "jar transforms Thread 10" [_thread_blocked, id=41884, stack(0x0000003c59100000,0x0000003c59200000)]
  0x0000022777f000e0 JavaThread "jar transforms Thread 11" [_thread_blocked, id=12264, stack(0x0000003c59200000,0x0000003c59300000)]
  0x0000022777f01a30 JavaThread "jar transforms Thread 12" [_thread_blocked, id=27756, stack(0x0000003c59300000,0x0000003c59400000)]
  0x0000022777f005f0 JavaThread "Cache worker for dependencies-accessors (R:\Homee\Homee_User_16_06_2025\android\.gradle\8.3\dependencies-accessors)" [_thread_blocked, id=2508, stack(0x0000003c59400000,0x0000003c59500000)]
  0x0000022777f01520 JavaThread "Cache worker for Build Output Cleanup Cache (R:\Homee\Homee_User_16_06_2025\node_modules\@react-native\gradle-plugin\.gradle\buildOutputCleanup)" [_thread_blocked, id=16480, stack(0x0000003c59500000,0x0000003c59600000)]
  0x000002277aef86f0 JavaThread "Unconstrained build operations Thread 3" [_thread_blocked, id=15124, stack(0x0000003c59600000,0x0000003c59700000)]
  0x000002277aef9b30 JavaThread "Unconstrained build operations Thread 4" [_thread_blocked, id=28088, stack(0x0000003c59700000,0x0000003c59800000)]
  0x000002277aef6da0 JavaThread "Unconstrained build operations Thread 5" [_thread_blocked, id=40384, stack(0x0000003c59800000,0x0000003c59900000)]
  0x000002277aefaa60 JavaThread "Unconstrained build operations Thread 6" [_thread_blocked, id=15588, stack(0x0000003c59900000,0x0000003c59a00000)]
  0x000002277aef9620 JavaThread "Unconstrained build operations Thread 7" [_thread_blocked, id=27324, stack(0x0000003c59a00000,0x0000003c59b00000)]
  0x000002277aef8c00 JavaThread "Unconstrained build operations Thread 8" [_thread_blocked, id=25644, stack(0x0000003c59b00000,0x0000003c59c00000)]
  0x000002277aef72b0 JavaThread "Unconstrained build operations Thread 9" [_thread_blocked, id=33080, stack(0x0000003c59c00000,0x0000003c59d00000)]
  0x000002277aef81e0 JavaThread "Unconstrained build operations Thread 10" [_thread_blocked, id=38520, stack(0x0000003c59d00000,0x0000003c59e00000)]
  0x000002277aef9110 JavaThread "Unconstrained build operations Thread 11" [_thread_blocked, id=25732, stack(0x0000003c59e00000,0x0000003c59f00000)]
  0x000002277aefa040 JavaThread "Unconstrained build operations Thread 12" [_thread_blocked, id=24964, stack(0x0000003c59f00000,0x0000003c5a000000)]
  0x000002277aefa550 JavaThread "Unconstrained build operations Thread 13" [_thread_blocked, id=7608, stack(0x0000003c5a000000,0x0000003c5a100000)]
  0x000002277aefaf70 JavaThread "Memory manager" [_thread_blocked, id=30132, stack(0x0000003c5a100000,0x0000003c5a200000)]
  0x000002277aefc8c0 JavaThread "Cache worker for Build Output Cleanup Cache (R:\Homee\Homee_User_16_06_2025\android\.gradle\buildOutputCleanup)" [_thread_blocked, id=28736, stack(0x0000003c5a200000,0x0000003c5a300000)]
  0x000002277aefe720 JavaThread "ForkJoinPool.commonPool-worker-1" daemon [_thread_blocked, id=4596, stack(0x0000003c5a300000,0x0000003c5a400000)]
  0x000002277aefb990 JavaThread "ForkJoinPool.commonPool-worker-2" daemon [_thread_blocked, id=20508, stack(0x0000003c5a400000,0x0000003c5a500000)]
  0x000002277aefdd00 JavaThread "ForkJoinPool.commonPool-worker-3" daemon [_thread_blocked, id=9392, stack(0x0000003c5a500000,0x0000003c5a600000)]
  0x000002277aefd2e0 JavaThread "ForkJoinPool.commonPool-worker-4" daemon [_thread_blocked, id=6860, stack(0x0000003c5a600000,0x0000003c5a700000)]
  0x000002277aefd7f0 JavaThread "ForkJoinPool.commonPool-worker-5" daemon [_thread_blocked, id=22792, stack(0x0000003c5a700000,0x0000003c5a800000)]
  0x000002277aefbea0 JavaThread "ForkJoinPool.commonPool-worker-6" daemon [_thread_blocked, id=11636, stack(0x0000003c5a800000,0x0000003c5a900000)]
  0x000002277aefc3b0 JavaThread "ForkJoinPool.commonPool-worker-7" daemon [_thread_blocked, id=41892, stack(0x0000003c5a900000,0x0000003c5aa00000)]
  0x000002277aefe210 JavaThread "ForkJoinPool.commonPool-worker-8" daemon [_thread_blocked, id=9904, stack(0x0000003c5aa00000,0x0000003c5ab00000)]
  0x000002277bee0930 JavaThread "ForkJoinPool.commonPool-worker-9" daemon [_thread_blocked, id=38068, stack(0x0000003c5ab00000,0x0000003c5ac00000)]
  0x000002277bedd690 JavaThread "Exec process" daemon [_thread_blocked, id=14368, stack(0x0000003c5ac00000,0x0000003c5ad00000)]
  0x000002277bedf4f0 JavaThread "ForkJoinPool.commonPool-worker-10" daemon [_thread_blocked, id=4416, stack(0x0000003c5ad00000,0x0000003c5ae00000)]
  0x000002277bedff10 JavaThread "Exec process Thread 2" daemon [_thread_blocked, id=9348, stack(0x0000003c5ae00000,0x0000003c5af00000)]
  0x000002277bedfa00 JavaThread "Exec process Thread 3" daemon [_thread_blocked, id=19404, stack(0x0000003c5af00000,0x0000003c5b000000)]
  0x000002277bee0420 JavaThread "ForkJoinPool.commonPool-worker-11" daemon [_thread_blocked, id=22660, stack(0x0000003c5b000000,0x0000003c5b100000)]
  0x000002277bede5c0 JavaThread "included builds" [_thread_blocked, id=21800, stack(0x0000003c56400000,0x0000003c56500000)]
  0x000002277beddba0 JavaThread "Execution worker" [_thread_blocked, id=34804, stack(0x0000003c5b100000,0x0000003c5b200000)]
  0x000002277bede0b0 JavaThread "Execution worker Thread 2" [_thread_blocked, id=4600, stack(0x0000003c5b200000,0x0000003c5b300000)]
  0x000002277bee0e40 JavaThread "Execution worker Thread 3" [_thread_blocked, id=32932, stack(0x0000003c5b300000,0x0000003c5b400000)]
  0x000002277bee2280 JavaThread "Execution worker Thread 4" [_thread_blocked, id=34224, stack(0x0000003c5b400000,0x0000003c5b500000)]
  0x000002277bee1350 JavaThread "Execution worker Thread 5" [_thread_blocked, id=39408, stack(0x0000003c5b500000,0x0000003c5b600000)]
  0x000002277bee1860 JavaThread "Execution worker Thread 6" [_thread_blocked, id=19120, stack(0x0000003c5b600000,0x0000003c5b700000)]
  0x000002277bee1d70 JavaThread "Execution worker Thread 7" [_thread_blocked, id=41364, stack(0x0000003c5b700000,0x0000003c5b800000)]
  0x000002277bedead0 JavaThread "Execution worker Thread 8" [_thread_blocked, id=18980, stack(0x0000003c5b800000,0x0000003c5b900000)]
  0x000002277bee2790 JavaThread "Execution worker Thread 9" [_thread_blocked, id=17744, stack(0x0000003c5b900000,0x0000003c5ba00000)]
  0x000002277bedefe0 JavaThread "Execution worker Thread 10" [_thread_blocked, id=27668, stack(0x0000003c5ba00000,0x0000003c5bb00000)]
  0x000002277bee2ca0 JavaThread "Execution worker Thread 11" [_thread_blocked, id=22976, stack(0x0000003c5bb00000,0x0000003c5bc00000)]
  0x000002277bee31b0 JavaThread "Cache worker for execution history cache (R:\Homee\Homee_User_16_06_2025\node_modules\@react-native\gradle-plugin\.gradle\8.3\executionHistory)" [_thread_blocked, id=29952, stack(0x0000003c5bc00000,0x0000003c5bd00000)]
  0x000002277bee3bd0 JavaThread "Unconstrained build operations Thread 14" [_thread_blocked, id=7024, stack(0x0000003c5bd00000,0x0000003c5be00000)]
  0x000002277bee5010 JavaThread "Unconstrained build operations Thread 15" [_thread_blocked, id=22968, stack(0x0000003c5be00000,0x0000003c5bf00000)]
  0x000002277bee40e0 JavaThread "Unconstrained build operations Thread 16" [_thread_blocked, id=27064, stack(0x0000003c5bf00000,0x0000003c5c000000)]
  0x000002277bee45f0 JavaThread "Unconstrained build operations Thread 17" [_thread_blocked, id=25116, stack(0x0000003c5c000000,0x0000003c5c100000)]
  0x000002277bee4b00 JavaThread "Unconstrained build operations Thread 18" [_thread_blocked, id=34108, stack(0x0000003c5c100000,0x0000003c5c200000)]
  0x000002277b9fc9c0 JavaThread "Unconstrained build operations Thread 19" [_thread_blocked, id=39076, stack(0x0000003c5c200000,0x0000003c5c300000)]
  0x000002277b9fb070 JavaThread "Unconstrained build operations Thread 20" [_thread_blocked, id=15060, stack(0x0000003c5c300000,0x0000003c5c400000)]
  0x000002277b9fed30 JavaThread "Unconstrained build operations Thread 21" [_thread_blocked, id=14704, stack(0x0000003c5c400000,0x0000003c5c500000)]
  0x000002277b9fde00 JavaThread "Unconstrained build operations Thread 22" [_thread_blocked, id=26460, stack(0x0000003c5c500000,0x0000003c5c600000)]
  0x000002277b9fe310 JavaThread "Unconstrained build operations Thread 23" [_thread_blocked, id=21760, stack(0x0000003c5c600000,0x0000003c5c700000)]
  0x000002277b9fd3e0 JavaThread "Unconstrained build operations Thread 24" [_thread_blocked, id=42840, stack(0x0000003c5c700000,0x0000003c5c800000)]
  0x000002277b9fbfa0 JavaThread "Unconstrained build operations Thread 25" [_thread_blocked, id=6552, stack(0x0000003c5c800000,0x0000003c5c900000)]
  0x000002277b9fc4b0 JavaThread "Unconstrained build operations Thread 26" [_thread_blocked, id=25696, stack(0x0000003c5c900000,0x0000003c5ca00000)]
  0x000002277b9fb580 JavaThread "Unconstrained build operations Thread 27" [_thread_blocked, id=20388, stack(0x0000003c5ca00000,0x0000003c5cb00000)]
  0x000002277b9ff240 JavaThread "Unconstrained build operations Thread 28" [_thread_blocked, id=7580, stack(0x0000003c5cb00000,0x0000003c5cc00000)]
  0x000002277b9fced0 JavaThread "Unconstrained build operations Thread 29" [_thread_blocked, id=39348, stack(0x0000003c5cc00000,0x0000003c5cd00000)]
  0x000002277b9fd8f0 JavaThread "Unconstrained build operations Thread 30" [_thread_blocked, id=21072, stack(0x0000003c5cd00000,0x0000003c5ce00000)]
  0x000002277b9fe820 JavaThread "Unconstrained build operations Thread 31" [_thread_blocked, id=41556, stack(0x0000003c5ce00000,0x0000003c5cf00000)]
  0x000002277b9fba90 JavaThread "Unconstrained build operations Thread 32" [_thread_blocked, id=35052, stack(0x0000003c5cf00000,0x0000003c5d000000)]
  0x000002277b9ff750 JavaThread "Unconstrained build operations Thread 33" [_thread_blocked, id=17660, stack(0x0000003c5d000000,0x0000003c5d100000)]
  0x000002277ba00680 JavaThread "Unconstrained build operations Thread 34" [_thread_blocked, id=6584, stack(0x0000003c5d100000,0x0000003c5d200000)]
  0x000002277ba01ac0 JavaThread "Unconstrained build operations Thread 35" [_thread_blocked, id=13492, stack(0x0000003c5d200000,0x0000003c5d300000)]
  0x000002277ba015b0 JavaThread "Unconstrained build operations Thread 36" [_thread_blocked, id=14120, stack(0x0000003c5d300000,0x0000003c5d400000)]
  0x000002277ba01fd0 JavaThread "Unconstrained build operations Thread 37" [_thread_blocked, id=11344, stack(0x0000003c5d400000,0x0000003c5d500000)]
  0x000002277ab46630 JavaThread "C2 CompilerThread1" daemon [_thread_blocked, id=35692, stack(0x0000003c5d500000,0x0000003c5d600000)]
  0x000002277cb33670 JavaThread "C2 CompilerThread2" daemon [_thread_blocked, id=14008, stack(0x0000003c5d600000,0x0000003c5d700000)]
  0x000002277a9564b0 JavaThread "Unconstrained build operations Thread 38" [_thread_blocked, id=37540, stack(0x0000003c5d700000,0x0000003c5d800000)]
  0x000002277a955580 JavaThread "Unconstrained build operations Thread 39" [_thread_blocked, id=9564, stack(0x0000003c5d800000,0x0000003c5d900000)]
  0x000002277a954b60 JavaThread "Unconstrained build operations Thread 40" [_thread_blocked, id=38000, stack(0x0000003c5d900000,0x0000003c5da00000)]
  0x000002277a9573e0 JavaThread "Unconstrained build operations Thread 41" [_thread_blocked, id=14432, stack(0x0000003c5da00000,0x0000003c5db00000)]
  0x000002277a9578f0 JavaThread "Unconstrained build operations Thread 42" [_thread_blocked, id=20200, stack(0x0000003c5db00000,0x0000003c5dc00000)]
  0x000002277a9569c0 JavaThread "Unconstrained build operations Thread 43" [_thread_blocked, id=41268, stack(0x0000003c5dc00000,0x0000003c5dd00000)]
  0x000002277a957e00 JavaThread "Unconstrained build operations Thread 44" [_thread_blocked, id=11392, stack(0x0000003c5dd00000,0x0000003c5de00000)]
  0x000002277a954650 JavaThread "Unconstrained build operations Thread 45" [_thread_blocked, id=1020, stack(0x0000003c5de00000,0x0000003c5df00000)]
  0x000002277a956ed0 JavaThread "Unconstrained build operations Thread 46" [_thread_blocked, id=15364, stack(0x0000003c5df00000,0x0000003c5e000000)]
  0x000002277a958310 JavaThread "Unconstrained build operations Thread 47" [_thread_blocked, id=25124, stack(0x0000003c5e000000,0x0000003c5e100000)]
  0x000002277a958820 JavaThread "Unconstrained build operations Thread 48" [_thread_blocked, id=10068, stack(0x0000003c5e100000,0x0000003c5e200000)]
  0x000002277a958d30 JavaThread "Unconstrained build operations Thread 49" [_thread_blocked, id=6592, stack(0x0000003c5e200000,0x0000003c5e300000)]
  0x000002277a959240 JavaThread "Unconstrained build operations Thread 50" [_thread_blocked, id=14544, stack(0x0000003c5e300000,0x0000003c5e400000)]
  0x000002277a95bac0 JavaThread "Unconstrained build operations Thread 51" [_thread_blocked, id=15564, stack(0x0000003c5e400000,0x0000003c5e500000)]
  0x000002277a95ab90 JavaThread "Unconstrained build operations Thread 52" [_thread_blocked, id=10272, stack(0x0000003c5e500000,0x0000003c5e600000)]
  0x000002277a95b5b0 JavaThread "Unconstrained build operations Thread 53" [_thread_blocked, id=26688, stack(0x0000003c5e600000,0x0000003c5e700000)]
  0x000002277a95bfd0 JavaThread "Unconstrained build operations Thread 54" [_thread_blocked, id=40104, stack(0x0000003c5e700000,0x0000003c5e800000)]
  0x000002277a959750 JavaThread "Unconstrained build operations Thread 55" [_thread_blocked, id=420, stack(0x0000003c5e800000,0x0000003c5e900000)]
  0x000002277a959c60 JavaThread "Unconstrained build operations Thread 56" [_thread_blocked, id=41240, stack(0x0000003c5e900000,0x0000003c5ea00000)]
  0x000002277a95a170 JavaThread "Unconstrained build operations Thread 57" [_thread_blocked, id=25348, stack(0x0000003c5ea00000,0x0000003c5eb00000)]
  0x000002277a95a680 JavaThread "Unconstrained build operations Thread 58" [_thread_blocked, id=15272, stack(0x0000003c5eb00000,0x0000003c5ec00000)]
  0x000002277a95b0a0 JavaThread "Unconstrained build operations Thread 59" [_thread_blocked, id=42860, stack(0x0000003c5ec00000,0x0000003c5ed00000)]
  0x000002277d2439e0 JavaThread "Unconstrained build operations Thread 60" [_thread_blocked, id=19512, stack(0x0000003c5ed00000,0x0000003c5ee00000)]
  0x000002277d245330 JavaThread "Unconstrained build operations Thread 61" [_thread_blocked, id=39592, stack(0x0000003c5ee00000,0x0000003c5ef00000)]
  0x000002277d2476a0 JavaThread "Unconstrained build operations Thread 62" [_thread_blocked, id=30876, stack(0x0000003c5ef00000,0x0000003c5f000000)]
  0x000002277d246c80 JavaThread "Unconstrained build operations Thread 63" [_thread_blocked, id=11020, stack(0x0000003c5f000000,0x0000003c5f100000)]
  0x000002277d245d50 JavaThread "Unconstrained build operations Thread 64" [_thread_blocked, id=38620, stack(0x0000003c5f100000,0x0000003c5f200000)]
  0x000002277d243ef0 JavaThread "Unconstrained build operations Thread 65" [_thread_blocked, id=19976, stack(0x0000003c5f200000,0x0000003c5f300000)]
  0x000002277d247bb0 JavaThread "Unconstrained build operations Thread 66" [_thread_blocked, id=5192, stack(0x0000003c5f300000,0x0000003c5f400000)]
  0x000002277d244400 JavaThread "Unconstrained build operations Thread 67" [_thread_blocked, id=33416, stack(0x0000003c5f400000,0x0000003c5f500000)]
  0x000002277d245840 JavaThread "Unconstrained build operations Thread 68" [_thread_blocked, id=20068, stack(0x0000003c5f500000,0x0000003c5f600000)]
  0x000002277d2480c0 JavaThread "Unconstrained build operations Thread 69" [_thread_blocked, id=19756, stack(0x0000003c5f600000,0x0000003c5f700000)]
  0x000002277d244910 JavaThread "Unconstrained build operations Thread 70" [_thread_blocked, id=13716, stack(0x0000003c5f700000,0x0000003c5f800000)]
  0x000002277d2485d0 JavaThread "Unconstrained build operations Thread 71" [_thread_blocked, id=15028, stack(0x0000003c5f800000,0x0000003c5f900000)]
  0x000002277d24b360 JavaThread "Unconstrained build operations Thread 72" [_thread_blocked, id=34400, stack(0x0000003c5f900000,0x0000003c5fa00000)]
  0x000002277d249a10 JavaThread "Unconstrained build operations Thread 73" [_thread_blocked, id=36684, stack(0x0000003c5fa00000,0x0000003c5fb00000)]
  0x000002277d249f20 JavaThread "Unconstrained build operations Thread 74" [_thread_blocked, id=39468, stack(0x0000003c5fb00000,0x0000003c5fc00000)]
  0x000002277d24a430 JavaThread "Unconstrained build operations Thread 75" [_thread_blocked, id=26744, stack(0x0000003c5fc00000,0x0000003c5fd00000)]
  0x000002277d24ae50 JavaThread "Unconstrained build operations Thread 76" [_thread_blocked, id=26064, stack(0x0000003c5fd00000,0x0000003c5fe00000)]
  0x000002277d248ff0 JavaThread "Unconstrained build operations Thread 77" [_thread_blocked, id=16404, stack(0x0000003c5fe00000,0x0000003c5ff00000)]
  0x000002277d24a940 JavaThread "Unconstrained build operations Thread 78" [_thread_blocked, id=34384, stack(0x0000003c5ff00000,0x0000003c60000000)]
  0x000002277d249500 JavaThread "Unconstrained build operations Thread 79" [_thread_blocked, id=33640, stack(0x0000003c60000000,0x0000003c60100000)]
  0x0000022779223cb0 JavaThread "Unconstrained build operations Thread 80" [_thread_blocked, id=6248, stack(0x0000003c60100000,0x0000003c60200000)]
  0x0000022779222870 JavaThread "Unconstrained build operations Thread 81" [_thread_blocked, id=25284, stack(0x0000003c60200000,0x0000003c60300000)]
  0x00000227792250f0 JavaThread "Unconstrained build operations Thread 82" [_thread_blocked, id=25440, stack(0x0000003c60300000,0x0000003c60400000)]
  0x0000022779223290 JavaThread "Unconstrained build operations Thread 83" [_thread_blocked, id=6884, stack(0x0000003c60400000,0x0000003c60500000)]
  0x0000022779221e50 JavaThread "Unconstrained build operations Thread 84" [_thread_blocked, id=38372, stack(0x0000003c60500000,0x0000003c60600000)]
  0x0000022779222360 JavaThread "Unconstrained build operations Thread 85" [_thread_blocked, id=38660, stack(0x0000003c60600000,0x0000003c60700000)]
  0x0000022779221940 JavaThread "Unconstrained build operations Thread 86" [_thread_blocked, id=17420, stack(0x0000003c60700000,0x0000003c60800000)]
  0x0000022779226530 JavaThread "Unconstrained build operations Thread 87" [_thread_blocked, id=7432, stack(0x0000003c60800000,0x0000003c60900000)]
  0x0000022779222d80 JavaThread "Unconstrained build operations Thread 88" [_thread_blocked, id=17012, stack(0x0000003c60900000,0x0000003c60a00000)]
  0x0000022779226f50 JavaThread "Unconstrained build operations Thread 89" [_thread_blocked, id=15936, stack(0x0000003c60a00000,0x0000003c60b00000)]
  0x00000227792246d0 JavaThread "Unconstrained build operations Thread 90" [_thread_blocked, id=1100, stack(0x0000003c60b00000,0x0000003c60c00000)]
  0x00000227792237a0 JavaThread "Unconstrained build operations Thread 91" [_thread_blocked, id=5512, stack(0x0000003c60c00000,0x0000003c60d00000)]
  0x0000022779226020 JavaThread "Unconstrained build operations Thread 92" [_thread_blocked, id=33644, stack(0x0000003c60d00000,0x0000003c60e00000)]
  0x0000022779227970 JavaThread "Unconstrained build operations Thread 93" [_thread_blocked, id=42968, stack(0x0000003c60e00000,0x0000003c60f00000)]
  0x00000227792241c0 JavaThread "Unconstrained build operations Thread 94" [_thread_blocked, id=36960, stack(0x0000003c60f00000,0x0000003c61000000)]
  0x0000022779228390 JavaThread "Unconstrained build operations Thread 95" [_thread_blocked, id=16936, stack(0x0000003c61000000,0x0000003c61100000)]
  0x0000022779225600 JavaThread "Unconstrained build operations Thread 96" [_thread_blocked, id=14612, stack(0x0000003c61100000,0x0000003c61200000)]
  0x0000022779226a40 JavaThread "Unconstrained build operations Thread 97" [_thread_blocked, id=21692, stack(0x0000003c61200000,0x0000003c61300000)]
  0x0000022779224be0 JavaThread "Unconstrained build operations Thread 98" [_thread_blocked, id=28732, stack(0x0000003c61300000,0x0000003c61400000)]
  0x0000022779225b10 JavaThread "Unconstrained build operations Thread 99" [_thread_blocked, id=35856, stack(0x0000003c61400000,0x0000003c61500000)]
  0x00000227792288a0 JavaThread "Unconstrained build operations Thread 100" [_thread_blocked, id=20320, stack(0x0000003c61500000,0x0000003c61600000)]
  0x0000022779228db0 JavaThread "Unconstrained build operations Thread 101" [_thread_blocked, id=21396, stack(0x0000003c61600000,0x0000003c61700000)]
  0x00000227792292c0 JavaThread "Unconstrained build operations Thread 102" [_thread_blocked, id=37352, stack(0x0000003c61700000,0x0000003c61800000)]
  0x000002277d248ae0 JavaThread "Unconstrained build operations Thread 103" [_thread_blocked, id=38648, stack(0x0000003c61800000,0x0000003c61900000)]
  0x000002277ec33d70 JavaThread "Unconstrained build operations Thread 104" [_thread_blocked, id=40268, stack(0x0000003c61900000,0x0000003c61a00000)]
  0x000002277ec31a00 JavaThread "Unconstrained build operations Thread 105" [_thread_blocked, id=41132, stack(0x0000003c61a00000,0x0000003c61b00000)]

Other Threads:
=>0x0000022771683880 VMThread "VM Thread" [stack: 0x0000003c55600000,0x0000003c55700000] [id=12912]
  0x000002274e35e130 WatcherThread [stack: 0x0000003c56300000,0x0000003c56400000] [id=38356]
  0x000002274e338d20 GCTaskThread "GC Thread#0" [stack: 0x0000003c55100000,0x0000003c55200000] [id=26120]
  0x000002277244be90 GCTaskThread "GC Thread#1" [stack: 0x0000003c56500000,0x0000003c56600000] [id=21152]
  0x00000227728d6c10 GCTaskThread "GC Thread#2" [stack: 0x0000003c56600000,0x0000003c56700000] [id=11084]
  0x000002277244a590 GCTaskThread "GC Thread#3" [stack: 0x0000003c56700000,0x0000003c56800000] [id=39032]
  0x000002277244a850 GCTaskThread "GC Thread#4" [stack: 0x0000003c56800000,0x0000003c56900000] [id=10696]
  0x000002277244ab10 GCTaskThread "GC Thread#5" [stack: 0x0000003c56900000,0x0000003c56a00000] [id=30560]
  0x00000227773ff500 GCTaskThread "GC Thread#6" [stack: 0x0000003c57d00000,0x0000003c57e00000] [id=33428]
  0x00000227773fef80 GCTaskThread "GC Thread#7" [stack: 0x0000003c57e00000,0x0000003c57f00000] [id=16168]
  0x0000022777400000 GCTaskThread "GC Thread#8" [stack: 0x0000003c57f00000,0x0000003c58000000] [id=42024]
  0x00000227773ff240 GCTaskThread "GC Thread#9" [stack: 0x0000003c58000000,0x0000003c58100000] [id=29600]
  0x000002274e34a850 ConcurrentGCThread "G1 Main Marker" [stack: 0x0000003c55200000,0x0000003c55300000] [id=37732]
  0x000002274e34b910 ConcurrentGCThread "G1 Conc#0" [stack: 0x0000003c55300000,0x0000003c55400000] [id=10584]
  0x00000227773ff7c0 ConcurrentGCThread "G1 Conc#1" [stack: 0x0000003c58100000,0x0000003c58200000] [id=4452]
  0x00000227773ffa80 ConcurrentGCThread "G1 Conc#2" [stack: 0x0000003c58200000,0x0000003c58300000] [id=14568]
  0x00000227715b63f0 ConcurrentGCThread "G1 Refine#0" [stack: 0x0000003c55400000,0x0000003c55500000] [id=28652]
  0x00000227715b7be0 ConcurrentGCThread "G1 Service" [stack: 0x0000003c55500000,0x0000003c55600000] [id=42180]

Threads with active compile tasks:

VM state: at safepoint (normal execution)

VM Mutex/Monitor currently owned by a thread:  ([mutex/lock_event])
[0x000002274c87d890] Threads_lock - owner thread: 0x0000022771683880
[0x000002274e2c3be0] Heap_lock - owner thread: 0x0000022778a969b0

Heap address: 0x0000000700000000, size: 4096 MB, Compressed Oops mode: Zero based, Oop shift amount: 3

CDS archive(s) mapped at: [0x0000022700000000-0x0000022700bd0000-0x0000022700bd0000), size 12386304, SharedBaseAddress: 0x0000022700000000, ArchiveRelocationMode: 1.
Compressed class space mapped at: 0x0000022701000000-0x0000022741000000, reserved size: 1073741824
Narrow klass base: 0x0000022700000000, Narrow klass shift: 0, Narrow klass range: 0x100000000

GC Precious Log:
 CPUs: 12 total, 12 available
 Memory: 16009M
 Large Page Support: Disabled
 NUMA Support: Disabled
 Compressed Oops: Enabled (Zero based)
 Heap Region Size: 2M
 Heap Min Capacity: 8M
 Heap Initial Capacity: 252M
 Heap Max Capacity: 4G
 Pre-touch: Disabled
 Parallel Workers: 10
 Concurrent Workers: 3
 Concurrent Refinement Workers: 10
 Periodic GC: Disabled

Heap:
 garbage-first heap   total 270336K, used 166939K [0x0000000700000000, 0x0000000800000000)
  region size 2048K, 1 young (2048K), 1 survivors (2048K)
 Metaspace       used 92112K, committed 93312K, reserved 1179648K
  class space    used 12961K, committed 13504K, reserved 1048576K

Heap Regions: E=young(eden), S=young(survivor), O=old, HS=humongous(starts), HC=humongous(continues), CS=collection set, F=free, OA=open archive, CA=closed archive, TAMS=top-at-mark-start (previous, next)
|   0|0x0000000700000000, 0x0000000700200000, 0x0000000700200000|100%|HS|  |TAMS 0x0000000700200000, 0x0000000700000000| Complete 
|   1|0x0000000700200000, 0x0000000700400000, 0x0000000700400000|100%|HC|  |TAMS 0x0000000700400000, 0x0000000700200000| Complete 
|   2|0x0000000700400000, 0x0000000700600000, 0x0000000700600000|100%| O|  |TAMS 0x0000000700600000, 0x0000000700400000| Untracked 
|   3|0x0000000700600000, 0x0000000700800000, 0x0000000700800000|100%| O|  |TAMS 0x0000000700800000, 0x0000000700600000| Untracked 
|   4|0x0000000700800000, 0x00000007009f7400, 0x0000000700a00000| 98%| O|  |TAMS 0x00000007009f7400, 0x0000000700800000| Untracked 
|   5|0x0000000700a00000, 0x0000000700c00000, 0x0000000700c00000|100%| O|  |TAMS 0x0000000700c00000, 0x0000000700a00000| Untracked 
|   6|0x0000000700c00000, 0x0000000700e00000, 0x0000000700e00000|100%| O|  |TAMS 0x0000000700e00000, 0x0000000700c00000| Untracked 
|   7|0x0000000700e00000, 0x0000000701000000, 0x0000000701000000|100%| O|  |TAMS 0x0000000701000000, 0x0000000700e00000| Untracked 
|   8|0x0000000701000000, 0x0000000701200000, 0x0000000701200000|100%| O|  |TAMS 0x0000000701200000, 0x0000000701000000| Untracked 
|   9|0x0000000701200000, 0x0000000701400000, 0x0000000701400000|100%| O|  |TAMS 0x0000000701400000, 0x0000000701200000| Untracked 
|  10|0x0000000701400000, 0x0000000701600000, 0x0000000701600000|100%| O|  |TAMS 0x0000000701600000, 0x0000000701400000| Untracked 
|  11|0x0000000701600000, 0x0000000701800000, 0x0000000701800000|100%| O|  |TAMS 0x0000000701800000, 0x0000000701600000| Untracked 
|  12|0x0000000701800000, 0x0000000701a00000, 0x0000000701a00000|100%| O|  |TAMS 0x0000000701a00000, 0x0000000701800000| Untracked 
|  13|0x0000000701a00000, 0x0000000701c00000, 0x0000000701c00000|100%|HS|  |TAMS 0x0000000701c00000, 0x0000000701a00000| Complete 
|  14|0x0000000701c00000, 0x0000000701e00000, 0x0000000701e00000|100%| O|  |TAMS 0x0000000701e00000, 0x0000000701c00000| Untracked 
|  15|0x0000000701e00000, 0x0000000702000000, 0x0000000702000000|100%| O|  |TAMS 0x0000000702000000, 0x0000000701e00000| Untracked 
|  16|0x0000000702000000, 0x0000000702200000, 0x0000000702200000|100%| O|  |TAMS 0x0000000702200000, 0x0000000702000000| Untracked 
|  17|0x0000000702200000, 0x0000000702400000, 0x0000000702400000|100%|HS|  |TAMS 0x0000000702400000, 0x0000000702200000| Complete 
|  18|0x0000000702400000, 0x0000000702600000, 0x0000000702600000|100%|HS|  |TAMS 0x0000000702600000, 0x0000000702400000| Complete 
|  19|0x0000000702600000, 0x0000000702800000, 0x0000000702800000|100%|HC|  |TAMS 0x0000000702800000, 0x0000000702600000| Complete 
|  20|0x0000000702800000, 0x0000000702a00000, 0x0000000702a00000|100%| O|  |TAMS 0x0000000702a00000, 0x0000000702800000| Untracked 
|  21|0x0000000702a00000, 0x0000000702c00000, 0x0000000702c00000|100%| O|  |TAMS 0x0000000702c00000, 0x0000000702a00000| Untracked 
|  22|0x0000000702c00000, 0x0000000702e00000, 0x0000000702e00000|100%| O|  |TAMS 0x0000000702e00000, 0x0000000702c00000| Untracked 
|  23|0x0000000702e00000, 0x0000000703000000, 0x0000000703000000|100%| O|  |TAMS 0x0000000703000000, 0x0000000702e00000| Untracked 
|  24|0x0000000703000000, 0x0000000703200000, 0x0000000703200000|100%|HS|  |TAMS 0x0000000703200000, 0x0000000703000000| Complete 
|  25|0x0000000703200000, 0x0000000703400000, 0x0000000703400000|100%|HC|  |TAMS 0x0000000703400000, 0x0000000703200000| Complete 
|  26|0x0000000703400000, 0x0000000703600000, 0x0000000703600000|100%| O|  |TAMS 0x0000000703600000, 0x0000000703400000| Untracked 
|  27|0x0000000703600000, 0x0000000703800000, 0x0000000703800000|100%| O|  |TAMS 0x0000000703800000, 0x0000000703600000| Untracked 
|  28|0x0000000703800000, 0x0000000703a00000, 0x0000000703a00000|100%| O|  |TAMS 0x0000000703a00000, 0x0000000703800000| Untracked 
|  29|0x0000000703a00000, 0x0000000703c00000, 0x0000000703c00000|100%| O|  |TAMS 0x0000000703c00000, 0x0000000703a00000| Untracked 
|  30|0x0000000703c00000, 0x0000000703e00000, 0x0000000703e00000|100%| O|  |TAMS 0x0000000703e00000, 0x0000000703c00000| Untracked 
|  31|0x0000000703e00000, 0x0000000704000000, 0x0000000704000000|100%| O|  |TAMS 0x0000000704000000, 0x0000000703e00000| Untracked 
|  32|0x0000000704000000, 0x0000000704200000, 0x0000000704200000|100%| O|  |TAMS 0x0000000704200000, 0x0000000704000000| Untracked 
|  33|0x0000000704200000, 0x0000000704400000, 0x0000000704400000|100%| O|  |TAMS 0x0000000704400000, 0x0000000704200000| Untracked 
|  34|0x0000000704400000, 0x0000000704600000, 0x0000000704600000|100%| O|  |TAMS 0x0000000704600000, 0x0000000704400000| Untracked 
|  35|0x0000000704600000, 0x0000000704800000, 0x0000000704800000|100%| O|  |TAMS 0x0000000704800000, 0x0000000704600000| Untracked 
|  36|0x0000000704800000, 0x0000000704a00000, 0x0000000704a00000|100%| O|  |TAMS 0x0000000704a00000, 0x0000000704800000| Untracked 
|  37|0x0000000704a00000, 0x0000000704c00000, 0x0000000704c00000|100%| O|  |TAMS 0x0000000704c00000, 0x0000000704a00000| Untracked 
|  38|0x0000000704c00000, 0x0000000704e00000, 0x0000000704e00000|100%| O|  |TAMS 0x0000000704c00000, 0x0000000704c00000| Untracked 
|  39|0x0000000704e00000, 0x0000000705000000, 0x0000000705000000|100%| O|  |TAMS 0x0000000705000000, 0x0000000704e00000| Untracked 
|  40|0x0000000705000000, 0x0000000705200000, 0x0000000705200000|100%| O|  |TAMS 0x0000000705200000, 0x0000000705000000| Untracked 
|  41|0x0000000705200000, 0x0000000705400000, 0x0000000705400000|100%| O|  |TAMS 0x0000000705400000, 0x0000000705200000| Untracked 
|  42|0x0000000705400000, 0x0000000705600000, 0x0000000705600000|100%| O|  |TAMS 0x0000000705600000, 0x0000000705400000| Untracked 
|  43|0x0000000705600000, 0x0000000705800000, 0x0000000705800000|100%| O|  |TAMS 0x0000000705800000, 0x0000000705600000| Untracked 
|  44|0x0000000705800000, 0x0000000705a00000, 0x0000000705a00000|100%| O|  |TAMS 0x0000000705a00000, 0x0000000705800000| Untracked 
|  45|0x0000000705a00000, 0x0000000705c00000, 0x0000000705c00000|100%| O|  |TAMS 0x0000000705c00000, 0x0000000705a00000| Untracked 
|  46|0x0000000705c00000, 0x0000000705e00000, 0x0000000705e00000|100%| O|  |TAMS 0x0000000705e00000, 0x0000000705c00000| Untracked 
|  47|0x0000000705e00000, 0x0000000706000000, 0x0000000706000000|100%| O|  |TAMS 0x0000000706000000, 0x0000000705e00000| Untracked 
|  48|0x0000000706000000, 0x0000000706200000, 0x0000000706200000|100%| O|  |TAMS 0x0000000706200000, 0x0000000706000000| Untracked 
|  49|0x0000000706200000, 0x0000000706400000, 0x0000000706400000|100%| O|  |TAMS 0x0000000706400000, 0x0000000706200000| Untracked 
|  50|0x0000000706400000, 0x0000000706600000, 0x0000000706600000|100%| O|  |TAMS 0x0000000706600000, 0x0000000706400000| Untracked 
|  51|0x0000000706600000, 0x0000000706800000, 0x0000000706800000|100%|HS|  |TAMS 0x0000000706800000, 0x0000000706600000| Complete 
|  52|0x0000000706800000, 0x0000000706a00000, 0x0000000706a00000|100%| O|  |TAMS 0x0000000706a00000, 0x0000000706800000| Untracked 
|  53|0x0000000706a00000, 0x0000000706c00000, 0x0000000706c00000|100%| O|  |TAMS 0x0000000706c00000, 0x0000000706a00000| Untracked 
|  54|0x0000000706c00000, 0x0000000706e00000, 0x0000000706e00000|100%| O|  |TAMS 0x0000000706e00000, 0x0000000706c00000| Untracked 
|  55|0x0000000706e00000, 0x0000000706e00000, 0x0000000707000000|  0%| F|  |TAMS 0x0000000706e00000, 0x0000000706e00000| Untracked 
|  56|0x0000000707000000, 0x0000000707200000, 0x0000000707200000|100%| O|  |TAMS 0x0000000707200000, 0x0000000707000000| Untracked 
|  57|0x0000000707200000, 0x0000000707400000, 0x0000000707400000|100%| O|  |TAMS 0x0000000707400000, 0x0000000707200000| Untracked 
|  58|0x0000000707400000, 0x0000000707600000, 0x0000000707600000|100%| O|  |TAMS 0x0000000707600000, 0x0000000707400000| Untracked 
|  59|0x0000000707600000, 0x0000000707800000, 0x0000000707800000|100%| O|  |TAMS 0x0000000707800000, 0x0000000707600000| Untracked 
|  60|0x0000000707800000, 0x0000000707a00000, 0x0000000707a00000|100%| O|  |TAMS 0x0000000707a00000, 0x0000000707800000| Untracked 
|  61|0x0000000707a00000, 0x0000000707c00000, 0x0000000707c00000|100%|HS|  |TAMS 0x0000000707c00000, 0x0000000707a00000| Complete 
|  62|0x0000000707c00000, 0x0000000707e00000, 0x0000000707e00000|100%|HC|  |TAMS 0x0000000707e00000, 0x0000000707c00000| Complete 
|  63|0x0000000707e00000, 0x0000000708000000, 0x0000000708000000|100%|HS|  |TAMS 0x0000000708000000, 0x0000000707e00000| Complete 
|  64|0x0000000708000000, 0x0000000708200000, 0x0000000708200000|100%| O|  |TAMS 0x0000000708200000, 0x0000000708000000| Untracked 
|  65|0x0000000708200000, 0x0000000708400000, 0x0000000708400000|100%| O|  |TAMS 0x0000000708400000, 0x0000000708200000| Untracked 
|  66|0x0000000708400000, 0x0000000708600000, 0x0000000708600000|100%| O|  |TAMS 0x0000000708600000, 0x0000000708400000| Untracked 
|  67|0x0000000708600000, 0x0000000708800000, 0x0000000708800000|100%| O|  |TAMS 0x0000000708800000, 0x0000000708600000| Untracked 
|  68|0x0000000708800000, 0x0000000708a00000, 0x0000000708a00000|100%| O|  |TAMS 0x0000000708a00000, 0x0000000708800000| Untracked 
|  69|0x0000000708a00000, 0x0000000708c00000, 0x0000000708c00000|100%| O|  |TAMS 0x0000000708c00000, 0x0000000708a00000| Untracked 
|  70|0x0000000708c00000, 0x0000000708e00000, 0x0000000708e00000|100%| O|  |TAMS 0x0000000708e00000, 0x0000000708c00000| Untracked 
|  71|0x0000000708e00000, 0x0000000709000000, 0x0000000709000000|100%| O|  |TAMS 0x0000000709000000, 0x0000000708e00000| Untracked 
|  72|0x0000000709000000, 0x0000000709200000, 0x0000000709200000|100%| O|  |TAMS 0x000000070908d400, 0x0000000709000000| Untracked 
|  73|0x0000000709200000, 0x0000000709400000, 0x0000000709400000|100%| O|  |TAMS 0x0000000709200000, 0x0000000709200000| Untracked 
|  74|0x0000000709400000, 0x0000000709600000, 0x0000000709600000|100%| O|  |TAMS 0x0000000709400000, 0x0000000709400000| Untracked 
|  75|0x0000000709600000, 0x0000000709800000, 0x0000000709800000|100%| O|  |TAMS 0x0000000709600000, 0x0000000709600000| Untracked 
|  76|0x0000000709800000, 0x0000000709a00000, 0x0000000709a00000|100%| O|  |TAMS 0x0000000709800000, 0x0000000709800000| Untracked 
|  77|0x0000000709a00000, 0x0000000709c00000, 0x0000000709c00000|100%| O|  |TAMS 0x0000000709a00000, 0x0000000709a00000| Untracked 
|  78|0x0000000709c00000, 0x0000000709e00000, 0x0000000709e00000|100%| O|  |TAMS 0x0000000709c00000, 0x0000000709c00000| Untracked 
|  79|0x0000000709e00000, 0x000000070a000000, 0x000000070a000000|100%| O|  |TAMS 0x0000000709e00000, 0x0000000709e00000| Untracked 
|  80|0x000000070a000000, 0x000000070a10fa00, 0x000000070a200000| 53%| O|  |TAMS 0x000000070a000000, 0x000000070a000000| Untracked 
|  81|0x000000070a200000, 0x000000070a200000, 0x000000070a400000|  0%| F|  |TAMS 0x000000070a200000, 0x000000070a200000| Untracked 
|  82|0x000000070a400000, 0x000000070a400000, 0x000000070a600000|  0%| F|  |TAMS 0x000000070a400000, 0x000000070a400000| Untracked 
|  83|0x000000070a600000, 0x000000070a600000, 0x000000070a800000|  0%| F|  |TAMS 0x000000070a600000, 0x000000070a600000| Untracked 
|  84|0x000000070a800000, 0x000000070a800000, 0x000000070aa00000|  0%| F|  |TAMS 0x000000070a800000, 0x000000070a800000| Untracked 
|  85|0x000000070aa00000, 0x000000070aa00000, 0x000000070ac00000|  0%| F|  |TAMS 0x000000070aa00000, 0x000000070aa00000| Untracked 
|  86|0x000000070ac00000, 0x000000070ac00000, 0x000000070ae00000|  0%| F|  |TAMS 0x000000070ac00000, 0x000000070ac00000| Untracked 
|  87|0x000000070ae00000, 0x000000070ae00000, 0x000000070b000000|  0%| F|  |TAMS 0x000000070ae00000, 0x000000070ae00000| Untracked 
|  88|0x000000070b000000, 0x000000070b000000, 0x000000070b200000|  0%| F|  |TAMS 0x000000070b000000, 0x000000070b000000| Untracked 
|  89|0x000000070b200000, 0x000000070b200000, 0x000000070b400000|  0%| F|  |TAMS 0x000000070b200000, 0x000000070b200000| Untracked 
|  90|0x000000070b400000, 0x000000070b400000, 0x000000070b600000|  0%| F|  |TAMS 0x000000070b400000, 0x000000070b400000| Untracked 
|  91|0x000000070b600000, 0x000000070b600000, 0x000000070b800000|  0%| F|  |TAMS 0x000000070b600000, 0x000000070b600000| Untracked 
|  92|0x000000070b800000, 0x000000070b800000, 0x000000070ba00000|  0%| F|  |TAMS 0x000000070b800000, 0x000000070b800000| Untracked 
|  93|0x000000070ba00000, 0x000000070ba00000, 0x000000070bc00000|  0%| F|  |TAMS 0x000000070ba00000, 0x000000070ba00000| Untracked 
|  94|0x000000070bc00000, 0x000000070bc00000, 0x000000070be00000|  0%| F|  |TAMS 0x000000070bc00000, 0x000000070bc00000| Untracked 
|  95|0x000000070be00000, 0x000000070be00000, 0x000000070c000000|  0%| F|  |TAMS 0x000000070be00000, 0x000000070be00000| Untracked 
|  96|0x000000070c000000, 0x000000070c000000, 0x000000070c200000|  0%| F|  |TAMS 0x000000070c000000, 0x000000070c000000| Untracked 
|  97|0x000000070c200000, 0x000000070c200000, 0x000000070c400000|  0%| F|  |TAMS 0x000000070c200000, 0x000000070c200000| Untracked 
|  98|0x000000070c400000, 0x000000070c400000, 0x000000070c600000|  0%| F|  |TAMS 0x000000070c400000, 0x000000070c400000| Untracked 
|  99|0x000000070c600000, 0x000000070c600000, 0x000000070c800000|  0%| F|  |TAMS 0x000000070c600000, 0x000000070c600000| Untracked 
| 100|0x000000070c800000, 0x000000070c800000, 0x000000070ca00000|  0%| F|  |TAMS 0x000000070c800000, 0x000000070c800000| Untracked 
| 101|0x000000070ca00000, 0x000000070ca00000, 0x000000070cc00000|  0%| F|  |TAMS 0x000000070ca00000, 0x000000070ca00000| Untracked 
| 102|0x000000070cc00000, 0x000000070cc00000, 0x000000070ce00000|  0%| F|  |TAMS 0x000000070cc00000, 0x000000070cc00000| Untracked 
| 103|0x000000070ce00000, 0x000000070ce00000, 0x000000070d000000|  0%| F|  |TAMS 0x000000070ce00000, 0x000000070ce00000| Untracked 
| 104|0x000000070d000000, 0x000000070d000000, 0x000000070d200000|  0%| F|  |TAMS 0x000000070d000000, 0x000000070d000000| Untracked 
| 105|0x000000070d200000, 0x000000070d200000, 0x000000070d400000|  0%| F|  |TAMS 0x000000070d200000, 0x000000070d200000| Untracked 
| 106|0x000000070d400000, 0x000000070d400000, 0x000000070d600000|  0%| F|  |TAMS 0x000000070d400000, 0x000000070d400000| Untracked 
| 107|0x000000070d600000, 0x000000070d600000, 0x000000070d800000|  0%| F|  |TAMS 0x000000070d600000, 0x000000070d600000| Untracked 
| 108|0x000000070d800000, 0x000000070d800000, 0x000000070da00000|  0%| F|  |TAMS 0x000000070d800000, 0x000000070d800000| Untracked 
| 109|0x000000070da00000, 0x000000070da00000, 0x000000070dc00000|  0%| F|  |TAMS 0x000000070da00000, 0x000000070da00000| Untracked 
| 110|0x000000070dc00000, 0x000000070dc00000, 0x000000070de00000|  0%| F|  |TAMS 0x000000070dc00000, 0x000000070dc00000| Untracked 
| 111|0x000000070de00000, 0x000000070de00000, 0x000000070e000000|  0%| F|  |TAMS 0x000000070de00000, 0x000000070de00000| Untracked 
| 112|0x000000070e000000, 0x000000070e000000, 0x000000070e200000|  0%| F|  |TAMS 0x000000070e000000, 0x000000070e000000| Untracked 
| 113|0x000000070e200000, 0x000000070e200000, 0x000000070e400000|  0%| F|  |TAMS 0x000000070e200000, 0x000000070e200000| Untracked 
| 114|0x000000070e400000, 0x000000070e400000, 0x000000070e600000|  0%| F|  |TAMS 0x000000070e400000, 0x000000070e400000| Untracked 
| 115|0x000000070e600000, 0x000000070e600000, 0x000000070e800000|  0%| F|  |TAMS 0x000000070e600000, 0x000000070e600000| Untracked 
| 116|0x000000070e800000, 0x000000070e800000, 0x000000070ea00000|  0%| F|  |TAMS 0x000000070e800000, 0x000000070e800000| Untracked 
| 117|0x000000070ea00000, 0x000000070ea00000, 0x000000070ec00000|  0%| F|  |TAMS 0x000000070ea00000, 0x000000070ea00000| Untracked 
| 118|0x000000070ec00000, 0x000000070ec00000, 0x000000070ee00000|  0%| F|  |TAMS 0x000000070ec00000, 0x000000070ec00000| Untracked 
| 119|0x000000070ee00000, 0x000000070ee00000, 0x000000070f000000|  0%| F|  |TAMS 0x000000070ee00000, 0x000000070ee00000| Untracked 
| 120|0x000000070f000000, 0x000000070f000000, 0x000000070f200000|  0%| F|  |TAMS 0x000000070f000000, 0x000000070f000000| Untracked 
| 121|0x000000070f200000, 0x000000070f200000, 0x000000070f400000|  0%| F|  |TAMS 0x000000070f200000, 0x000000070f200000| Untracked 
| 122|0x000000070f400000, 0x000000070f400000, 0x000000070f600000|  0%| F|  |TAMS 0x000000070f400000, 0x000000070f400000| Untracked 
| 123|0x000000070f600000, 0x000000070f600000, 0x000000070f800000|  0%| F|  |TAMS 0x000000070f600000, 0x000000070f600000| Untracked 
| 124|0x000000070f800000, 0x000000070f800000, 0x000000070fa00000|  0%| F|  |TAMS 0x000000070f800000, 0x000000070f800000| Untracked 
| 125|0x000000070fa00000, 0x000000070fa00000, 0x000000070fc00000|  0%| F|  |TAMS 0x000000070fa00000, 0x000000070fa00000| Untracked 
| 126|0x000000070fc00000, 0x000000070fe00000, 0x000000070fe00000|100%| S|CS|TAMS 0x000000070fc00000, 0x000000070fc00000| Complete 
| 127|0x000000070fe00000, 0x000000070fe00000, 0x0000000710000000|  0%| F|  |TAMS 0x000000070fe00000, 0x000000070fe00000| Untracked 
| 128|0x0000000710000000, 0x0000000710000000, 0x0000000710200000|  0%| F|  |TAMS 0x0000000710000000, 0x0000000710000000| Untracked 
| 129|0x0000000710200000, 0x0000000710200000, 0x0000000710400000|  0%| F|  |TAMS 0x0000000710200000, 0x0000000710200000| Untracked 
| 130|0x0000000710400000, 0x0000000710400000, 0x0000000710600000|  0%| F|  |TAMS 0x0000000710400000, 0x0000000710400000| Untracked 
|2047|0x00000007ffe00000, 0x0000000800000000, 0x0000000800000000|100%| O|  |TAMS 0x0000000800000000, 0x00000007ffe00000| Untracked 

Card table byte_map: [0x00000227660b0000,0x00000227668b0000] _byte_map_base: 0x00000227628b0000

Marking Bits (Prev, Next): (CMBitMap*) 0x000002274e339290, (CMBitMap*) 0x000002274e339250
 Prev Bits: [0x000002276b0b0000, 0x000002276f0b0000)
 Next Bits: [0x00000227670b0000, 0x000002276b0b0000)

Polling page: 0x000002274ca80000

Metaspace:

Usage:
  Non-class:     77.30 MB used.
      Class:     12.66 MB used.
       Both:     89.95 MB used.

Virtual space:
  Non-class space:      128.00 MB reserved,      77.94 MB ( 61%) committed,  2 nodes.
      Class space:        1.00 GB reserved,      13.19 MB (  1%) committed,  1 nodes.
             Both:        1.12 GB reserved,      91.12 MB (  8%) committed. 

Chunk freelists:
   Non-Class:  1.22 MB
       Class:  2.73 MB
        Both:  3.95 MB

MaxMetaspaceSize: unlimited
CompressedClassSpaceSize: 1.00 GB
Initial GC threshold: 21.00 MB
Current GC threshold: 151.19 MB
CDS: on
MetaspaceReclaimPolicy: balanced
 - commit_granule_bytes: 65536.
 - commit_granule_words: 8192.
 - virtual_space_node_default_size: 8388608.
 - enlarge_chunks_in_place: 1.
 - new_chunks_are_fully_committed: 0.
 - uncommit_free_chunks: 1.
 - use_allocation_guard: 0.
 - handle_deallocations: 1.


Internal statistics:

num_allocs_failed_limit: 6.
num_arena_births: 1366.
num_arena_deaths: 0.
num_vsnodes_births: 3.
num_vsnodes_deaths: 0.
num_space_committed: 1458.
num_space_uncommitted: 0.
num_chunks_returned_to_freelist: 6.
num_chunks_taken_from_freelist: 5401.
num_chunk_merges: 6.
num_chunk_splits: 3500.
num_chunks_enlarged: 2204.
num_inconsistent_stats: 0.

CodeHeap 'non-profiled nmethods': size=120000Kb used=7529Kb max_used=7529Kb free=112470Kb
 bounds [0x000002275d700000, 0x000002275de60000, 0x0000022764c30000]
CodeHeap 'profiled nmethods': size=120000Kb used=23235Kb max_used=23235Kb free=96764Kb
 bounds [0x0000022755c30000, 0x00000227572f0000, 0x000002275d160000]
CodeHeap 'non-nmethods': size=5760Kb used=2395Kb max_used=2477Kb free=3364Kb
 bounds [0x000002275d160000, 0x000002275d3e0000, 0x000002275d700000]
 total_blobs=12267 nmethods=11340 adapters=838
 compilation: enabled
              stopped_count=0, restarted_count=0
 full_count=0

Compilation events (20 events):
Event: 36.610 Thread 0x000002277169dfd0 12727       3       org.codehaus.groovy.runtime.MetaClassHelper::calculateParameterDistance (206 bytes)
Event: 36.610 Thread 0x000002277169dfd0 nmethod 12727 0x00000227572db490 code [0x00000227572db7a0, 0x00000227572dcc48]
Event: 36.611 Thread 0x000002277169d6c0 12728       4       org.gradle.internal.metaobject.CompositeDynamicObject::tryGetProperty (54 bytes)
Event: 36.611 Thread 0x000002277169dfd0 12729       3       org.gradle.api.internal.project.DefaultProject::property (15 bytes)
Event: 36.611 Thread 0x000002277169dfd0 nmethod 12729 0x00000227572dd310 code [0x00000227572dd4c0, 0x00000227572dd748]
Event: 36.612 Thread 0x000002277169d6c0 nmethod 12728 0x000002275de59d90 code [0x000002275de59f20, 0x000002275de5a058]
Event: 36.614 Thread 0x000002277169dfd0 12730       3       groovy.lang.MetaClassImpl::handleMatches (57 bytes)
Event: 36.614 Thread 0x000002277169dfd0 nmethod 12730 0x00000227572dd890 code [0x00000227572ddaa0, 0x00000227572de038]
Event: 36.615 Thread 0x000002277169dfd0 12731       3       org.codehaus.groovy.vmplugin.v9.Java9::transformMetaMethod (48 bytes)
Event: 36.615 Thread 0x000002277169dfd0 nmethod 12731 0x00000227572de290 code [0x00000227572de460, 0x00000227572de8c8]
Event: 36.618 Thread 0x000002277169dfd0 12732       3       org.apache.tools.ant.PropertyHelper::getDelegates (24 bytes)
Event: 36.618 Thread 0x000002277169dfd0 nmethod 12732 0x00000227572dea10 code [0x00000227572debc0, 0x00000227572def68]
Event: 36.618 Thread 0x000002277169dfd0 12733  s    3       java.util.Hashtable::containsKey (65 bytes)
Event: 36.618 Thread 0x000002277169dfd0 nmethod 12733 0x00000227572df090 code [0x00000227572df260, 0x00000227572df7b8]
Event: 36.619 Thread 0x000002277ab46630 12734       4       java.util.Collections$EmptyList::iterator (4 bytes)
Event: 36.620 Thread 0x000002277169dfd0 12735       3       org.codehaus.groovy.runtime.metaclass.ClosureMetaClass$StandardClosureChooser::chooseMethod (23 bytes)
Event: 36.620 Thread 0x000002277ab46630 nmethod 12734 0x000002275de5a190 code [0x000002275de5a300, 0x000002275de5a378]
Event: 36.620 Thread 0x000002277169dfd0 nmethod 12735 0x00000227572df990 code [0x00000227572dfb40, 0x00000227572dfd38]
Event: 36.620 Thread 0x000002277169dfd0 12736       3       java.io.FileInputStream::<init> (107 bytes)
Event: 36.620 Thread 0x000002277169dfd0 nmethod 12736 0x00000227572dfe10 code [0x00000227572e0080, 0x00000227572e0bc8]

GC Heap History (20 events):
Event: 33.410 GC heap after
{Heap after GC invocations=29 (full 0):
 garbage-first heap   total 182272K, used 97765K [0x0000000700000000, 0x0000000800000000)
  region size 2048K, 3 young (6144K), 3 survivors (6144K)
 Metaspace       used 81320K, committed 82112K, reserved 1179648K
  class space    used 11395K, committed 11776K, reserved 1048576K
}
Event: 33.801 GC heap before
{Heap before GC invocations=29 (full 0):
 garbage-first heap   total 182272K, used 148965K [0x0000000700000000, 0x0000000800000000)
  region size 2048K, 28 young (57344K), 3 survivors (6144K)
 Metaspace       used 84913K, committed 85696K, reserved 1179648K
  class space    used 12007K, committed 12352K, reserved 1048576K
}
Event: 33.808 GC heap after
{Heap after GC invocations=30 (full 0):
 garbage-first heap   total 182272K, used 99535K [0x0000000700000000, 0x0000000800000000)
  region size 2048K, 2 young (4096K), 2 survivors (4096K)
 Metaspace       used 84913K, committed 85696K, reserved 1179648K
  class space    used 12007K, committed 12352K, reserved 1048576K
}
Event: 34.274 GC heap before
{Heap before GC invocations=31 (full 0):
 garbage-first heap   total 182272K, used 148687K [0x0000000700000000, 0x0000000800000000)
  region size 2048K, 27 young (55296K), 2 survivors (4096K)
 Metaspace       used 86584K, committed 87360K, reserved 1179648K
  class space    used 12225K, committed 12608K, reserved 1048576K
}
Event: 34.284 GC heap after
{Heap after GC invocations=32 (full 0):
 garbage-first heap   total 182272K, used 105722K [0x0000000700000000, 0x0000000800000000)
  region size 2048K, 4 young (8192K), 4 survivors (8192K)
 Metaspace       used 86584K, committed 87360K, reserved 1179648K
  class space    used 12225K, committed 12608K, reserved 1048576K
}
Event: 34.531 GC heap before
{Heap before GC invocations=32 (full 0):
 garbage-first heap   total 182272K, used 134394K [0x0000000700000000, 0x0000000800000000)
  region size 2048K, 20 young (40960K), 4 survivors (8192K)
 Metaspace       used 87182K, committed 88064K, reserved 1179648K
  class space    used 12274K, committed 12672K, reserved 1048576K
}
Event: 34.538 GC heap after
{Heap after GC invocations=33 (full 0):
 garbage-first heap   total 219136K, used 113779K [0x0000000700000000, 0x0000000800000000)
  region size 2048K, 4 young (8192K), 4 survivors (8192K)
 Metaspace       used 87182K, committed 88064K, reserved 1179648K
  class space    used 12274K, committed 12672K, reserved 1048576K
}
Event: 35.081 GC heap before
{Heap before GC invocations=34 (full 0):
 garbage-first heap   total 219136K, used 175219K [0x0000000700000000, 0x0000000800000000)
  region size 2048K, 33 young (67584K), 4 survivors (8192K)
 Metaspace       used 88685K, committed 89536K, reserved 1179648K
  class space    used 12519K, committed 12928K, reserved 1048576K
}
Event: 35.088 GC heap after
{Heap after GC invocations=35 (full 0):
 garbage-first heap   total 219136K, used 125247K [0x0000000700000000, 0x0000000800000000)
  region size 2048K, 5 young (10240K), 5 survivors (10240K)
 Metaspace       used 88685K, committed 89536K, reserved 1179648K
  class space    used 12519K, committed 12928K, reserved 1048576K
}
Event: 35.303 GC heap before
{Heap before GC invocations=35 (full 0):
 garbage-first heap   total 219136K, used 147775K [0x0000000700000000, 0x0000000800000000)
  region size 2048K, 17 young (34816K), 5 survivors (10240K)
 Metaspace       used 88900K, committed 89792K, reserved 1179648K
  class space    used 12549K, committed 12992K, reserved 1048576K
}
Event: 35.311 GC heap after
{Heap after GC invocations=36 (full 0):
 garbage-first heap   total 219136K, used 130612K [0x0000000700000000, 0x0000000800000000)
  region size 2048K, 3 young (6144K), 3 survivors (6144K)
 Metaspace       used 88900K, committed 89792K, reserved 1179648K
  class space    used 12549K, committed 12992K, reserved 1048576K
}
Event: 35.742 GC heap before
{Heap before GC invocations=37 (full 0):
 garbage-first heap   total 233472K, used 177716K [0x0000000700000000, 0x0000000800000000)
  region size 2048K, 24 young (49152K), 3 survivors (6144K)
 Metaspace       used 90724K, committed 91712K, reserved 1179648K
  class space    used 12753K, committed 13184K, reserved 1048576K
}
Event: 35.750 GC heap after
{Heap after GC invocations=38 (full 0):
 garbage-first heap   total 233472K, used 148171K [0x0000000700000000, 0x0000000800000000)
  region size 2048K, 3 young (6144K), 3 survivors (6144K)
 Metaspace       used 90724K, committed 91712K, reserved 1179648K
  class space    used 12753K, committed 13184K, reserved 1048576K
}
Event: 35.783 GC heap before
{Heap before GC invocations=38 (full 0):
 garbage-first heap   total 233472K, used 152267K [0x0000000700000000, 0x0000000800000000)
  region size 2048K, 5 young (10240K), 3 survivors (6144K)
 Metaspace       used 90799K, committed 91840K, reserved 1179648K
  class space    used 12765K, committed 13248K, reserved 1048576K
}
Event: 35.789 GC heap after
{Heap after GC invocations=39 (full 0):
 garbage-first heap   total 233472K, used 149037K [0x0000000700000000, 0x0000000800000000)
  region size 2048K, 1 young (2048K), 1 survivors (2048K)
 Metaspace       used 90799K, committed 91840K, reserved 1179648K
  class space    used 12765K, committed 13248K, reserved 1048576K
}
Event: 36.220 GC heap before
{Heap before GC invocations=39 (full 0):
 garbage-first heap   total 233472K, used 185901K [0x0000000700000000, 0x0000000800000000)
  region size 2048K, 19 young (38912K), 1 survivors (2048K)
 Metaspace       used 91649K, committed 92736K, reserved 1179648K
  class space    used 12893K, committed 13376K, reserved 1048576K
}
Event: 36.227 GC heap after
{Heap after GC invocations=40 (full 0):
 garbage-first heap   total 233472K, used 157767K [0x0000000700000000, 0x0000000800000000)
  region size 2048K, 3 young (6144K), 3 survivors (6144K)
 Metaspace       used 91649K, committed 92736K, reserved 1179648K
  class space    used 12893K, committed 13376K, reserved 1048576K
}
Event: 36.568 GC heap before
{Heap before GC invocations=41 (full 0):
 garbage-first heap   total 270336K, used 184391K [0x0000000700000000, 0x0000000800000000)
  region size 2048K, 16 young (32768K), 3 survivors (6144K)
 Metaspace       used 91992K, committed 93184K, reserved 1179648K
  class space    used 12931K, committed 13440K, reserved 1048576K
}
Event: 36.576 GC heap after
{Heap after GC invocations=42 (full 0):
 garbage-first heap   total 270336K, used 163693K [0x0000000700000000, 0x0000000800000000)
  region size 2048K, 2 young (4096K), 2 survivors (4096K)
 Metaspace       used 91992K, committed 93184K, reserved 1179648K
  class space    used 12931K, committed 13440K, reserved 1048576K
}
Event: 36.622 GC heap before
{Heap before GC invocations=42 (full 0):
 garbage-first heap   total 270336K, used 169837K [0x0000000700000000, 0x0000000800000000)
  region size 2048K, 6 young (12288K), 2 survivors (4096K)
 Metaspace       used 92112K, committed 93312K, reserved 1179648K
  class space    used 12961K, committed 13504K, reserved 1048576K
}

Deoptimization events (20 events):
Event: 36.200 Thread 0x0000022778a969b0 Uncommon trap: trap_request=0xffffffde fr.pc=0x000002275dd3e1f4 relative=0x0000000000000134
Event: 36.200 Thread 0x0000022778a969b0 Uncommon trap: reason=class_check action=maybe_recompile pc=0x000002275dd3e1f4 method=org.gradle.api.internal.artifacts.configurations.DefaultConfiguration.preventIllegalMutation(Lorg/gradle/api/internal/artifacts/configurations/MutationValidator$Mutation
Event: 36.200 Thread 0x0000022778a969b0 DEOPT PACKING pc=0x000002275dd3e1f4 sp=0x0000003c570f9fe0
Event: 36.200 Thread 0x0000022778a969b0 DEOPT UNPACKING pc=0x000002275d1b23a3 sp=0x0000003c570f9f28 mode 2
Event: 36.451 Thread 0x0000022778a969b0 Uncommon trap: trap_request=0xffffffd6 fr.pc=0x000002275de2db7c relative=0x0000000000000e3c
Event: 36.451 Thread 0x0000022778a969b0 Uncommon trap: reason=array_check action=maybe_recompile pc=0x000002275de2db7c method=com.google.common.collect.RegularImmutableMap.fromEntryArrayCheckingBucketOverflow(I[Ljava/util/Map$Entry;Z)Lcom/google/common/collect/ImmutableMap; @ 216 c2
Event: 36.451 Thread 0x0000022778a969b0 DEOPT PACKING pc=0x000002275de2db7c sp=0x0000003c570f9080
Event: 36.451 Thread 0x0000022778a969b0 DEOPT UNPACKING pc=0x000002275d1b23a3 sp=0x0000003c570f8ee0 mode 2
Event: 36.500 Thread 0x0000022778a969b0 Uncommon trap: trap_request=0xffffffd6 fr.pc=0x000002275de2db7c relative=0x0000000000000e3c
Event: 36.500 Thread 0x0000022778a969b0 Uncommon trap: reason=array_check action=maybe_recompile pc=0x000002275de2db7c method=com.google.common.collect.RegularImmutableMap.fromEntryArrayCheckingBucketOverflow(I[Ljava/util/Map$Entry;Z)Lcom/google/common/collect/ImmutableMap; @ 216 c2
Event: 36.500 Thread 0x0000022778a969b0 DEOPT PACKING pc=0x000002275de2db7c sp=0x0000003c570fa170
Event: 36.501 Thread 0x0000022778a969b0 DEOPT UNPACKING pc=0x000002275d1b23a3 sp=0x0000003c570f9fc8 mode 2
Event: 36.502 Thread 0x0000022778a969b0 Uncommon trap: trap_request=0xffffffd6 fr.pc=0x000002275de2db7c relative=0x0000000000000e3c
Event: 36.502 Thread 0x0000022778a969b0 Uncommon trap: reason=array_check action=maybe_recompile pc=0x000002275de2db7c method=com.google.common.collect.RegularImmutableMap.fromEntryArrayCheckingBucketOverflow(I[Ljava/util/Map$Entry;Z)Lcom/google/common/collect/ImmutableMap; @ 216 c2
Event: 36.502 Thread 0x0000022778a969b0 DEOPT PACKING pc=0x000002275de2db7c sp=0x0000003c570f9c30
Event: 36.502 Thread 0x0000022778a969b0 DEOPT UNPACKING pc=0x000002275d1b23a3 sp=0x0000003c570f9a90 mode 2
Event: 36.505 Thread 0x0000022778a969b0 Uncommon trap: trap_request=0xffffffd6 fr.pc=0x000002275de2db7c relative=0x0000000000000e3c
Event: 36.505 Thread 0x0000022778a969b0 Uncommon trap: reason=array_check action=maybe_recompile pc=0x000002275de2db7c method=com.google.common.collect.RegularImmutableMap.fromEntryArrayCheckingBucketOverflow(I[Ljava/util/Map$Entry;Z)Lcom/google/common/collect/ImmutableMap; @ 216 c2
Event: 36.505 Thread 0x0000022778a969b0 DEOPT PACKING pc=0x000002275de2db7c sp=0x0000003c570f9db0
Event: 36.505 Thread 0x0000022778a969b0 DEOPT UNPACKING pc=0x000002275d1b23a3 sp=0x0000003c570f9c08 mode 2

Classes unloaded (0 events):
No events

Classes redefined (0 events):
No events

Internal exceptions (20 events):
Event: 36.348 Thread 0x0000022778a969b0 Exception <a 'java/lang/ClassNotFoundException'{0x000000071024c880}: build_5j6mi6db08lvvk4ocieu9ex24Customizer> (0x000000071024c880) 
thrown [s\open\src\hotspot\share\classfile\systemDictionary.cpp, line 256]
Event: 36.360 Thread 0x0000022778a969b0 Exception <a 'java/lang/ClassNotFoundException'{0x00000007103b5920}: build_5j6mi6db08lvvk4ocieu9ex24$_run_closure1BeanInfo> (0x00000007103b5920) 
thrown [s\open\src\hotspot\share\classfile\systemDictionary.cpp, line 256]
Event: 36.360 Thread 0x0000022778a969b0 Exception <a 'java/lang/ClassNotFoundException'{0x00000007103bf5e8}: build_5j6mi6db08lvvk4ocieu9ex24$_run_closure1Customizer> (0x00000007103bf5e8) 
thrown [s\open\src\hotspot\share\classfile\systemDictionary.cpp, line 256]
Event: 36.391 Thread 0x0000022778a969b0 Exception <a 'java/lang/ClassNotFoundException'{0x000000070fe8be50}: build_f5dmemcci343m67yo68gka1ldBeanInfo> (0x000000070fe8be50) 
thrown [s\open\src\hotspot\share\classfile\systemDictionary.cpp, line 256]
Event: 36.391 Thread 0x0000022778a969b0 Exception <a 'java/lang/ClassNotFoundException'{0x000000070fea8ab0}: build_f5dmemcci343m67yo68gka1ldCustomizer> (0x000000070fea8ab0) 
thrown [s\open\src\hotspot\share\classfile\systemDictionary.cpp, line 256]
Event: 36.526 Thread 0x0000022778a969b0 Exception <a 'java/lang/ClassNotFoundException'{0x000000070f14cbd0}: build_f5dmemcci343m67yo68gka1ldBeanInfo> (0x000000070f14cbd0) 
thrown [s\open\src\hotspot\share\classfile\systemDictionary.cpp, line 256]
Event: 36.527 Thread 0x0000022778a969b0 Exception <a 'java/lang/ClassNotFoundException'{0x000000070f1535b0}: build_f5dmemcci343m67yo68gka1ldCustomizer> (0x000000070f1535b0) 
thrown [s\open\src\hotspot\share\classfile\systemDictionary.cpp, line 256]
Event: 36.601 Thread 0x0000022778a969b0 Exception <a 'java/lang/ClassNotFoundException'{0x00000007101ca1a0}: java/util/PropertiesBeanInfo> (0x00000007101ca1a0) 
thrown [s\open\src\hotspot\share\classfile\systemDictionary.cpp, line 256]
Event: 36.601 Thread 0x0000022778a969b0 Exception <a 'java/lang/ClassNotFoundException'{0x00000007101d2930}: java/util/HashtableBeanInfo> (0x00000007101d2930) 
thrown [s\open\src\hotspot\share\classfile\systemDictionary.cpp, line 256]
Event: 36.601 Thread 0x0000022778a969b0 Exception <a 'java/lang/ClassNotFoundException'{0x00000007101daf10}: java/util/DictionaryBeanInfo> (0x00000007101daf10) 
thrown [s\open\src\hotspot\share\classfile\systemDictionary.cpp, line 256]
Event: 36.602 Thread 0x0000022778a969b0 Exception <a 'java/lang/ClassNotFoundException'{0x00000007101e34d8}: java/util/DictionaryCustomizer> (0x00000007101e34d8) 
thrown [s\open\src\hotspot\share\classfile\systemDictionary.cpp, line 256]
Event: 36.602 Thread 0x0000022778a969b0 Exception <a 'java/lang/ClassNotFoundException'{0x00000007101f1960}: java/util/HashtableCustomizer> (0x00000007101f1960) 
thrown [s\open\src\hotspot\share\classfile\systemDictionary.cpp, line 256]
Event: 36.603 Thread 0x0000022778a969b0 Exception <a 'java/lang/ClassNotFoundException'{0x000000070fe13160}: java/util/PropertiesCustomizer> (0x000000070fe13160) 
thrown [s\open\src\hotspot\share\classfile\systemDictionary.cpp, line 256]
Event: 36.605 Thread 0x0000022778a969b0 Exception <a 'java/lang/ClassNotFoundException'{0x000000070fe5d538}: groovy/runtime/metaclass/[Ljava/lang/String;MetaClass> (0x000000070fe5d538) 
thrown [s\open\src\hotspot\share\prims\jni.cpp, line 535]
Event: 36.605 Thread 0x0000022778a969b0 Exception <a 'java/lang/ClassNotFoundException'{0x000000070fe65548}: [Ljava/lang/String;BeanInfo> (0x000000070fe65548) 
thrown [s\open\src\hotspot\share\prims\jni.cpp, line 535]
Event: 36.605 Thread 0x0000022778a969b0 Exception <a 'java/lang/ClassNotFoundException'{0x000000070fe66850}: [Ljava/lang/String;BeanInfo> (0x000000070fe66850) 
thrown [s\open\src\hotspot\share\prims\jni.cpp, line 535]
Event: 36.605 Thread 0x0000022778a969b0 Exception <a 'java/lang/ClassNotFoundException'{0x000000070fe67c18}: [Ljava/lang/String;Customizer> (0x000000070fe67c18) 
thrown [s\open\src\hotspot\share\prims\jni.cpp, line 535]
Event: 36.605 Thread 0x0000022778a969b0 Exception <a 'java/lang/ClassNotFoundException'{0x000000070fe68c78}: [Ljava/lang/String;Customizer> (0x000000070fe68c78) 
thrown [s\open\src\hotspot\share\prims\jni.cpp, line 535]
Event: 36.610 Thread 0x0000022778a969b0 Exception <a 'java/lang/ClassNotFoundException'{0x000000070fedc5f8}: build_f5dmemcci343m67yo68gka1ld$_run_closure3BeanInfo> (0x000000070fedc5f8) 
thrown [s\open\src\hotspot\share\classfile\systemDictionary.cpp, line 256]
Event: 36.610 Thread 0x0000022778a969b0 Exception <a 'java/lang/ClassNotFoundException'{0x000000070fee80e8}: build_f5dmemcci343m67yo68gka1ld$_run_closure3Customizer> (0x000000070fee80e8) 
thrown [s\open\src\hotspot\share\classfile\systemDictionary.cpp, line 256]

VM Operations (20 events):
Event: 35.750 Executing VM operation: G1CollectForAllocation done
Event: 35.783 Executing VM operation: G1CollectForAllocation
Event: 35.789 Executing VM operation: G1CollectForAllocation done
Event: 36.061 Executing VM operation: ICBufferFull
Event: 36.061 Executing VM operation: ICBufferFull done
Event: 36.097 Executing VM operation: HandshakeAllThreads
Event: 36.097 Executing VM operation: HandshakeAllThreads done
Event: 36.098 Executing VM operation: HandshakeAllThreads
Event: 36.099 Executing VM operation: HandshakeAllThreads done
Event: 36.101 Executing VM operation: HandshakeAllThreads
Event: 36.101 Executing VM operation: HandshakeAllThreads done
Event: 36.220 Executing VM operation: G1CollectForAllocation
Event: 36.232 Executing VM operation: G1CollectForAllocation done
Event: 36.291 Executing VM operation: G1Concurrent
Event: 36.297 Executing VM operation: G1Concurrent done
Event: 36.336 Executing VM operation: G1Concurrent
Event: 36.336 Executing VM operation: G1Concurrent done
Event: 36.567 Executing VM operation: G1CollectForAllocation
Event: 36.576 Executing VM operation: G1CollectForAllocation done
Event: 36.622 Executing VM operation: G1CollectForAllocation

Events (20 events):
Event: 36.601 loading class java/util/HashtableBeanInfo
Event: 36.601 loading class java/util/HashtableBeanInfo done
Event: 36.601 loading class java/util/HashtableBeanInfo
Event: 36.601 loading class java/util/HashtableBeanInfo done
Event: 36.601 loading class java/util/DictionaryBeanInfo
Event: 36.601 loading class java/util/DictionaryBeanInfo done
Event: 36.601 loading class java/util/DictionaryBeanInfo
Event: 36.601 loading class java/util/DictionaryBeanInfo done
Event: 36.601 loading class java/util/DictionaryCustomizer
Event: 36.601 loading class java/util/DictionaryCustomizer done
Event: 36.601 loading class java/util/DictionaryCustomizer
Event: 36.601 loading class java/util/DictionaryCustomizer done
Event: 36.602 loading class java/util/HashtableCustomizer
Event: 36.602 loading class java/util/HashtableCustomizer done
Event: 36.602 loading class java/util/HashtableCustomizer
Event: 36.602 loading class java/util/HashtableCustomizer done
Event: 36.602 loading class java/util/PropertiesCustomizer
Event: 36.602 loading class java/util/PropertiesCustomizer done
Event: 36.603 loading class java/util/PropertiesCustomizer
Event: 36.603 loading class java/util/PropertiesCustomizer done


Dynamic libraries:
0x00007ff73f8f0000 - 0x00007ff73f900000 	C:\Program Files\Java\jdk-17\bin\java.exe
0x00007ffa5f320000 - 0x00007ffa5f588000 	C:\Windows\SYSTEM32\ntdll.dll
0x00007ffa5d140000 - 0x00007ffa5d209000 	C:\Windows\System32\KERNEL32.DLL
0x00007ffa5c470000 - 0x00007ffa5c85d000 	C:\Windows\System32\KERNELBASE.dll
0x00007ffa5cc20000 - 0x00007ffa5cd6b000 	C:\Windows\System32\ucrtbase.dll
0x00007ffa39090000 - 0x00007ffa390a9000 	C:\Program Files\Java\jdk-17\bin\jli.dll
0x00007ffa39070000 - 0x00007ffa3908b000 	C:\Program Files\Java\jdk-17\bin\VCRUNTIME140.dll
0x00007ffa5d5d0000 - 0x00007ffa5d684000 	C:\Windows\System32\ADVAPI32.dll
0x00007ffa5e2c0000 - 0x00007ffa5e369000 	C:\Windows\System32\msvcrt.dll
0x00007ffa5df60000 - 0x00007ffa5e006000 	C:\Windows\System32\sechost.dll
0x00007ffa5d220000 - 0x00007ffa5d338000 	C:\Windows\System32\RPCRT4.dll
0x00007ffa5dd90000 - 0x00007ffa5df5c000 	C:\Windows\System32\USER32.dll
0x00007ffa5d090000 - 0x00007ffa5d0b7000 	C:\Windows\System32\win32u.dll
0x00007ffa5dd60000 - 0x00007ffa5dd8b000 	C:\Windows\System32\GDI32.dll
0x00007ffa40ce0000 - 0x00007ffa40f7a000 	C:\Windows\WinSxS\amd64_microsoft.windows.common-controls_6595b64144ccf1df_6.0.26100.4484_none_3e0e6d4ce32ef3b3\COMCTL32.dll
0x00007ffa5cf50000 - 0x00007ffa5d087000 	C:\Windows\System32\gdi32full.dll
0x00007ffa5ce10000 - 0x00007ffa5ceb3000 	C:\Windows\System32\msvcp_win.dll
0x00007ffa46360000 - 0x00007ffa4636b000 	C:\Windows\SYSTEM32\VERSION.dll
0x00007ffa5d410000 - 0x00007ffa5d43f000 	C:\Windows\System32\IMM32.DLL
0x00007ffa39060000 - 0x00007ffa3906c000 	C:\Program Files\Java\jdk-17\bin\vcruntime140_1.dll
0x00007ffa0b1d0000 - 0x00007ffa0b25e000 	C:\Program Files\Java\jdk-17\bin\msvcp140.dll
0x00007ff9a15f0000 - 0x00007ff9a21d0000 	C:\Program Files\Java\jdk-17\bin\server\jvm.dll
0x00007ffa5e510000 - 0x00007ffa5e518000 	C:\Windows\System32\PSAPI.DLL
0x00007ffa49ab0000 - 0x00007ffa49aba000 	C:\Windows\SYSTEM32\WSOCK32.dll
0x00007ffa4fab0000 - 0x00007ffa4fae5000 	C:\Windows\SYSTEM32\WINMM.dll
0x00007ffa5f260000 - 0x00007ffa5f2d4000 	C:\Windows\System32\WS2_32.dll
0x00007ffa5b210000 - 0x00007ffa5b22b000 	C:\Windows\SYSTEM32\kernel.appcore.dll
0x00007ffa39050000 - 0x00007ffa3905a000 	C:\Program Files\Java\jdk-17\bin\jimage.dll
0x00007ffa59b80000 - 0x00007ffa59dc1000 	C:\Windows\SYSTEM32\DBGHELP.DLL
0x00007ffa5eed0000 - 0x00007ffa5f256000 	C:\Windows\System32\combase.dll
0x00007ffa5e5c0000 - 0x00007ffa5e6a0000 	C:\Windows\System32\OLEAUT32.dll
0x00007ffa34aa0000 - 0x00007ffa34ae3000 	C:\Windows\SYSTEM32\dbgcore.DLL
0x00007ffa5cd70000 - 0x00007ffa5ce09000 	C:\Windows\System32\bcryptPrimitives.dll
0x00007ffa2ef40000 - 0x00007ffa2ef4e000 	C:\Program Files\Java\jdk-17\bin\instrument.dll
0x00007ffa2aa10000 - 0x00007ffa2aa35000 	C:\Program Files\Java\jdk-17\bin\java.dll
0x00007ff9e9f70000 - 0x00007ff9ea047000 	C:\Program Files\Java\jdk-17\bin\jsvml.dll
0x00007ffa5e780000 - 0x00007ffa5eeca000 	C:\Windows\System32\SHELL32.dll
0x00007ffa5caa0000 - 0x00007ffa5cc14000 	C:\Windows\System32\wintypes.dll
0x00007ffa5a090000 - 0x00007ffa5a8eb000 	C:\Windows\SYSTEM32\windows.storage.dll
0x00007ffa5e410000 - 0x00007ffa5e505000 	C:\Windows\System32\SHCORE.dll
0x00007ffa5e550000 - 0x00007ffa5e5ba000 	C:\Windows\System32\shlwapi.dll
0x00007ffa5c380000 - 0x00007ffa5c3af000 	C:\Windows\SYSTEM32\profapi.dll
0x00007ffa28380000 - 0x00007ffa28398000 	C:\Program Files\Java\jdk-17\bin\zip.dll
0x00007ffa28170000 - 0x00007ffa28189000 	C:\Program Files\Java\jdk-17\bin\net.dll
0x00007ffa52520000 - 0x00007ffa5263e000 	C:\Windows\SYSTEM32\WINHTTP.dll
0x00007ffa5b7a0000 - 0x00007ffa5b80a000 	C:\Windows\system32\mswsock.dll
0x00007ffa25c10000 - 0x00007ffa25c26000 	C:\Program Files\Java\jdk-17\bin\nio.dll
0x00007ffa2dd90000 - 0x00007ffa2dda0000 	C:\Program Files\Java\jdk-17\bin\verify.dll
0x00007ffa3a420000 - 0x00007ffa3a447000 	C:\Users\Ranjith Ramesh\.gradle\native\68d5fa5c4cc2d200863cafc0d521ce42e7d3e7ee720ec0a83991735586a16f82\windows-amd64\native-platform.dll
0x00007ff9d0250000 - 0x00007ff9d0394000 	C:\Users\Ranjith Ramesh\.gradle\native\e376f236ea51e6404a007f0833ffe2c6e607c4080706a723a18a27aeea778392\windows-amd64\native-platform-file-events.dll
0x00007ffa2c670000 - 0x00007ffa2c67a000 	C:\Program Files\Java\jdk-17\bin\management.dll
0x00007ffa2bea0000 - 0x00007ffa2beab000 	C:\Program Files\Java\jdk-17\bin\management_ext.dll
0x00007ffa5ba50000 - 0x00007ffa5ba6b000 	C:\Windows\SYSTEM32\CRYPTSP.dll
0x00007ffa5b170000 - 0x00007ffa5b1ab000 	C:\Windows\system32\rsaenh.dll
0x00007ffa5b840000 - 0x00007ffa5b86b000 	C:\Windows\SYSTEM32\USERENV.dll
0x00007ffa5c350000 - 0x00007ffa5c376000 	C:\Windows\SYSTEM32\bcrypt.dll
0x00007ffa5ba70000 - 0x00007ffa5ba7c000 	C:\Windows\SYSTEM32\CRYPTBASE.dll
0x00007ffa5ac20000 - 0x00007ffa5ac53000 	C:\Windows\SYSTEM32\IPHLPAPI.DLL
0x00007ffa5d450000 - 0x00007ffa5d45a000 	C:\Windows\System32\NSI.dll
0x00007ffa53300000 - 0x00007ffa5331f000 	C:\Windows\SYSTEM32\dhcpcsvc6.DLL
0x00007ffa532d0000 - 0x00007ffa532f5000 	C:\Windows\SYSTEM32\dhcpcsvc.DLL
0x00007ffa5acb0000 - 0x00007ffa5add6000 	C:\Windows\SYSTEM32\DNSAPI.dll
0x00007ffa2bc40000 - 0x00007ffa2bc4e000 	C:\Program Files\Java\jdk-17\bin\sunmscapi.dll
0x00007ffa5c860000 - 0x00007ffa5c9d7000 	C:\Windows\System32\CRYPT32.dll
0x00007ffa5bc70000 - 0x00007ffa5bca0000 	C:\Windows\SYSTEM32\ncrypt.dll
0x00007ffa5bc20000 - 0x00007ffa5bc5f000 	C:\Windows\SYSTEM32\NTASN1.dll
0x00007ffa36330000 - 0x00007ffa36338000 	C:\Windows\system32\wshunix.dll
0x00007ffa3dc50000 - 0x00007ffa3dc68000 	C:\Windows\system32\napinsp.dll
0x00007ffa3dc30000 - 0x00007ffa3dc42000 	C:\Windows\System32\winrnr.dll
0x00007ffa34bf0000 - 0x00007ffa34c20000 	C:\Windows\system32\nlansp_c.dll
0x00007ffa4aa10000 - 0x00007ffa4aa30000 	C:\Windows\system32\wshbth.dll
0x00007ffa4f8c0000 - 0x00007ffa4f8cb000 	C:\Windows\System32\rasadhlp.dll
0x00007ffa53610000 - 0x00007ffa53696000 	C:\Windows\System32\fwpuclnt.dll

dbghelp: loaded successfully - version: 4.0.5 - missing functions: none
symbol engine: initialized successfully - sym options: 0x614 - pdb path: .;C:\Program Files\Java\jdk-17\bin;C:\Windows\SYSTEM32;C:\Windows\WinSxS\amd64_microsoft.windows.common-controls_6595b64144ccf1df_6.0.26100.4484_none_3e0e6d4ce32ef3b3;C:\Program Files\Java\jdk-17\bin\server;C:\Users\Ranjith Ramesh\.gradle\native\68d5fa5c4cc2d200863cafc0d521ce42e7d3e7ee720ec0a83991735586a16f82\windows-amd64;C:\Users\Ranjith Ramesh\.gradle\native\e376f236ea51e6404a007f0833ffe2c6e607c4080706a723a18a27aeea778392\windows-amd64

VM Arguments:
jvm_args: --add-opens=java.base/java.util=ALL-UNNAMED --add-opens=java.base/java.lang=ALL-UNNAMED --add-opens=java.base/java.lang.invoke=ALL-UNNAMED --add-opens=java.prefs/java.util.prefs=ALL-UNNAMED --add-opens=java.base/java.nio.charset=ALL-UNNAMED --add-opens=java.base/java.net=ALL-UNNAMED --add-opens=java.base/java.util.concurrent.atomic=ALL-UNNAMED -Xmx4g -Dfile.encoding=UTF-8 -Duser.country=IN -Duser.language=en -Duser.variant -javaagent:C:\Users\Ranjith Ramesh\.gradle\wrapper\dists\gradle-8.3-all\6en3ugtfdg5xnpx44z4qbwgas\gradle-8.3\lib\agents\gradle-instrumentation-agent-8.3.jar 
java_command: org.gradle.launcher.daemon.bootstrap.GradleDaemon 8.3
java_class_path (initial): C:\Users\Ranjith Ramesh\.gradle\wrapper\dists\gradle-8.3-all\6en3ugtfdg5xnpx44z4qbwgas\gradle-8.3\lib\gradle-launcher-8.3.jar
Launcher Type: SUN_STANDARD

[Global flags]
     intx CICompilerCount                          = 4                                         {product} {ergonomic}
     uint ConcGCThreads                            = 3                                         {product} {ergonomic}
     uint G1ConcRefinementThreads                  = 10                                        {product} {ergonomic}
   size_t G1HeapRegionSize                         = 2097152                                   {product} {ergonomic}
    uintx GCDrainStackTargetSize                   = 64                                        {product} {ergonomic}
   size_t InitialHeapSize                          = 264241152                                 {product} {ergonomic}
   size_t MarkStackSize                            = 4194304                                   {product} {ergonomic}
   size_t MaxHeapSize                              = 4294967296                                {product} {command line}
   size_t MaxNewSize                               = 2575302656                                {product} {ergonomic}
   size_t MinHeapDeltaBytes                        = 2097152                                   {product} {ergonomic}
   size_t MinHeapSize                              = 8388608                                   {product} {ergonomic}
    uintx NonNMethodCodeHeapSize                   = 5839372                                {pd product} {ergonomic}
    uintx NonProfiledCodeHeapSize                  = 122909434                              {pd product} {ergonomic}
    uintx ProfiledCodeHeapSize                     = 122909434                              {pd product} {ergonomic}
    uintx ReservedCodeCacheSize                    = 251658240                              {pd product} {ergonomic}
     bool SegmentedCodeCache                       = true                                      {product} {ergonomic}
   size_t SoftMaxHeapSize                          = 4294967296                             {manageable} {ergonomic}
     bool UseCompressedClassPointers               = true                           {product lp64_product} {ergonomic}
     bool UseCompressedOops                        = true                           {product lp64_product} {ergonomic}
     bool UseG1GC                                  = true                                      {product} {ergonomic}
     bool UseLargePagesIndividualAllocation        = false                                  {pd product} {ergonomic}

Logging:
Log output configuration:
 #0: stdout all=warning uptime,level,tags
 #1: stderr all=off uptime,level,tags

Environment Variables:
JAVA_HOME=C:\Program Files\Java\jdk-23\
CLASSPATH=R:\Homee\Homee_User_16_06_2025\android\\gradle\wrapper\gradle-wrapper.jar
PATH=R:\Homee\Homee_User_16_06_2025\node_modules\.bin;R:\Homee\node_modules\.bin;R:\node_modules\.bin;C:\nvm\v22.16.0\node_modules\npm\node_modules\@npmcli\run-script\lib\node-gyp-bin;C:\Program Files\Microsoft SDKs\Azure\CLI2\wbin;C:\Program Files\Eclipse Adoptium\jdk-17.0.15.6-hotspot\bin;C:\Program Files\Common Files\Oracle\Java\javapath;C:\Python313\Scripts\;C:\Python313\;C:\Windows\system32;C:\Windows;C:\Windows\System32\Wbem;C:\Windows\System32\WindowsPowerShell\v1.0\;C:\Windows\System32\OpenSSH\;C:\ProgramData\chocolatey\bin;C:\Program Files\Git\cmd;C:\wamp64\bin\php\php8.3.14;C:\ProgramData\ComposerSetup\bin;B:\Android\Sdk\platform-tools;C:\Program Files\Java\jdk-23\\bin;B:\Android\Sdk\platform-tools;B:\Android\Sdk\emulator;B:\Android\Sdk\tools;C:\nvm;C:\nvm4w\nodejs;C:\Program Files\Docker\Docker\resources\bin;C:\Program Files\CMake\bin;C:\Program Files\Go\bin;C:\kubetools;D:\Bot2Do\maven\bin;B:\Android\Sdk\platform-tools;B:\Android\Sdk\tools;C:\Users\Ranjith Ramesh\AppData\Local\jdk-11.0.2\bin;C:\Windows\system32\config\systemprofile\AppData\Local\Microsoft\WindowsApps;C:\Users\Ranjith Ramesh\AppData\Roaming\npm;C:\Users\Ranjith Ramesh\AppData\Local\Programs\Microsoft VS Code\bin;C:\Users\Ranjith Ramesh\AppData\Roaming\Composer\vendor\bin;C:\Program Files (x86)\ZBar\bin;C:\nvm;C:\nvm4w\nodejs;C:\Program Files\Lens\resources\cli\bin;C:\Users\Ranjith Ramesh\go\bin;C:\kubetools;D:\Bot2Do\maven\bin;
USERNAME=Ranjith Ramesh
LANG=en_US.UTF-8
OS=Windows_NT
PROCESSOR_IDENTIFIER=Intel64 Family 6 Model 186 Stepping 2, GenuineIntel



---------------  S Y S T E M  ---------------

OS:
 Windows 11 , 64 bit Build 26100 (10.0.26100.4484)
OS uptime: 11 days 23:56 hours
Hyper-V role detected

CPU: total 12 (initial active 12) (6 cores per cpu, 2 threads per core) family 6 model 186 stepping 2 microcode 0x4122, cx8, cmov, fxsr, ht, mmx, 3dnowpref, sse, sse2, sse3, ssse3, sse4.1, sse4.2, popcnt, lzcnt, tsc, tscinvbit, avx, avx2, aes, erms, clmul, bmi1, bmi2, adx, sha, fma, vzeroupper, clflush, clflushopt, clwb, hv

Memory: 4k page, system-wide physical 16009M (869M free)
TotalPageFile size 39633M (AvailPageFile size 165M)
current process WorkingSet (physical memory assigned to process): 556M, peak: 556M
current process commit charge ("private bytes"): 613M, peak: 777M

vm_info: Java HotSpot(TM) 64-Bit Server VM (17.0.12+8-LTS-286) for windows-amd64 JRE (17.0.12+8-LTS-286), built on Jun  5 2024 06:46:59 by "mach5one" with MS VC++ 17.6 (VS2022)

END.
